[0/2] Re-checking globbed directories...
[1/2] Re-running CMake...
-- Configuring done (0.4s)
-- Generating done (0.1s)
-- Build files have been written to: D:/code/Ark-Village/research/dungeon_village_1/work/release
[0/4] Re-checking globbed directories...
[1/35] Building CXX object prototype/CMakeFiles/dungeon_village_startup_world.dir/src/startup_world_file_io.cpp.obj
[2/35] Building CXX object prototype/CMakeFiles/dungeon_village_startup_application.dir/src/startup_system_records.cpp.obj
[3/35] Building CXX object prototype/CMakeFiles/dungeon_village_startup_application.dir/src/startup_skin.cpp.obj
[4/35] Building CXX object prototype/CMakeFiles/dungeon_village_startup_application.dir/src/startup_world_clear_score.cpp.obj
[5/35] Building CXX object prototype/CMakeFiles/dungeon_village_startup_application.dir/src/startup_application_replay_paths.cpp.obj
[6/35] Building CXX object prototype/CMakeFiles/dungeon_village_startup_application_cli.dir/src/startup_application_main.cpp.obj
[7/35] Building CXX object prototype/CMakeFiles/dungeon_village_startup_world.dir/src/startup_world_persistence.cpp.obj
[8/35] Linking CXX shared library bin\libdungeon_village_startup_world.dll
[9/35] Building CXX object prototype/CMakeFiles/dungeon_village_startup_application.dir/src/startup_application.cpp.obj
[10/35] Linking CXX shared library bin\libdungeon_village_startup_application.dll
[11/35] Building CXX object prototype/CMakeFiles/dungeon_village_startup_application_tests.dir/tests/startup_application_test.cpp.obj
[12/35] Building CXX object prototype/CMakeFiles/dungeon_village_startup_application_tests.dir/tests/startup_system_records_test.cpp.obj
[13/35] Linking CXX executable bin\dungeon_village_startup_application_cli.exe
[14/35] Linking CXX executable bin\dungeon_village_startup_world_projection_tests.exe
[15/35] Linking CXX executable bin\dungeon_village_startup_world_routes_tests.exe
[16/35] Linking CXX executable bin\dungeon_village_startup_world_scene_tests.exe
[17/35] Linking CXX executable bin\dungeon_village_startup_world_arrival_tests.exe
[18/35] Linking CXX executable bin\dungeon_village_startup_world_runtime_tasks_tests.exe
[19/35] Linking CXX executable bin\dungeon_village_startup_world_runtime_tests.exe
[20/35] Linking CXX executable bin\dungeon_village_startup_world_continuous_tests.exe
[21/35] Linking CXX executable bin\dungeon_village_startup_world_pages_tests.exe
[22/35] Linking CXX executable bin\dungeon_village_startup_world_runtime_nonactors_tests.exe
[23/35] Linking CXX executable bin\dungeon_village_startup_world_task_flow_tests.exe
[24/35] Linking CXX executable bin\dungeon_village_startup_world_deadline_tests.exe
[25/35] Linking CXX executable bin\dungeon_village_startup_world_building_tests.exe
[26/35] Linking CXX executable bin\dungeon_village_startup_world_visuals_tests.exe
[27/35] Linking CXX executable bin\dungeon_village_prototype.exe
[28/35] Building CXX object prototype/CMakeFiles/dungeon_village_startup_application_tests.dir/tests/startup_application_replay_paths_checks.cpp.obj
[29/35] Building CXX object prototype/CMakeFiles/dungeon_village_startup_application_tests.dir/tests/startup_world_clear_score_test.cpp.obj
[30/35] Linking CXX executable bin\dungeon_village_startup_application_tests.exe
[31/35] Building CXX object prototype/CMakeFiles/dungeon_village_startup_world_persistence_tests.dir/tests/startup_world_persistence_test.cpp.obj
[32/35] Linking CXX executable bin\dungeon_village_startup_world_persistence_tests.exe
