[0/2] Re-checking globbed directories...
[1/2] Re-running CMake...
-- Configuring done (0.3s)
-- Generating done (0.2s)
-- Build files have been written to: D:/code/Ark-Village/research/dungeon_village_1/work/release
[0/4] Re-checking globbed directories...
[1/17] Building CXX object prototype/CMakeFiles/dungeon_village_startup_application.dir/src/startup_application_replay_paths.cpp.obj
[2/17] Building CXX object prototype/CMakeFiles/dungeon_village_startup_application_cli.dir/src/startup_application_main.cpp.obj
[3/17] Building CXX object prototype/CMakeFiles/dungeon_village_startup_application.dir/src/startup_application_replay.cpp.obj
[4/17] Building CXX object prototype/CMakeFiles/dungeon_village_startup_application_tests.dir/tests/startup_application_replay_paths_checks.cpp.obj
[5/17] Building CXX object prototype/CMakeFiles/dungeon_village_startup_application_tests.dir/tests/startup_application_test.cpp.obj
[6/17] Building CXX object prototype/CMakeFiles/dungeon_village_startup_application_tests.dir/tests/startup_application_replay_state_checks.cpp.obj
[7/17] Building CXX object prototype/CMakeFiles/dungeon_village_startup_application.dir/src/startup_application.cpp.obj
[8/17] Linking CXX shared library bin\libdungeon_village_startup_application.dll
[9/17] Linking CXX executable bin\dungeon_village_startup_application_cli.exe
[10/17] Linking CXX executable bin\dungeon_village_startup_application_tests.exe
[11/17] Linking CXX executable bin\dungeon_village_startup_world_visuals_tests.exe
[12/17] Building CXX object prototype/CMakeFiles/dungeon_village_startup_world_persistence_tests.dir/tests/startup_application_replay_checks.cpp.obj
[13/17] Building CXX object prototype/CMakeFiles/dungeon_village_startup_world_persistence_tests.dir/tests/startup_world_persistence_test.cpp.obj
[14/17] Linking CXX executable bin\dungeon_village_startup_world_persistence_tests.exe
