progression month popularity=50 peak_income=0 points=10 F=0 q=3 rank=0 frame=0 date=0/3/0/0 month_tick=0 cash=5000 scene=0 B=420 humans=0 tasks=0 random=0 report=0/0
progression bakery frame=0 date=0/3/0/0 month_tick=0 cash=4400 scene=0 B=420 humans=0 tasks=0 random=0 report=0/0
natural replay saved next_frame=421 frame=420 date=0/3/1/486 month_tick=418 cash=4400 scene=0 B=2 humans=0 tasks=0 random=0 report=0/0
natural replay bounded prefix next_frame=841 frame=840 date=0/3/2/729 month_tick=827 cash=5400 scene=0 B=70 humans=3 tasks=0 random=248 report=0/0 actor=3:def1:state0:action9:B31:cell11,5:op1 actor=4:def3:state0:action0:B72:cell11,14 actor=5:def2:state14:action0:B24:cell10,5:op1
3366 checks passed
natural replay bounded prefix next_frame=841 frame=840 date=0/3/2/729 month_tick=827 cash=5400 scene=0 B=70 humans=3 tasks=0 random=248 report=0/0 actor=3:def1:state0:action9:B31:cell11,5:op1 actor=4:def3:state0:action0:B72:cell11,14 actor=5:def2:state14:action0:B24:cell10,5:op1
3366 checks passed
natural replay bounded prefix next_frame=841 frame=840 date=0/3/2/729 month_tick=827 cash=5400 scene=0 B=70 humans=3 tasks=0 random=248 report=0/0 actor=3:def1:state0:action9:B31:cell11,5:op1 actor=4:def3:state0:action0:B72:cell11,14 actor=5:def2:state14:action0:B24:cell10,5:op1
3366 checks passed
presentation summary rounds=5 ordinal=5 random=8 requests=4 sounds=4 checks=37
presentation summary rounds=5 ordinal=5 random=8 requests=4 sounds=4 checks=37
presentation summary rounds=5 ordinal=5 random=8 requests=4 sounds=4 checks=37
application replay captured boundary=row2-44 next_frame=660
application replay captured boundary=row2-45 next_frame=661
application replay captured boundary=final64 next_frame=1421
application replay captured boundary=failed next_frame=1422
application replay summary frame=1422 score=7200 failures=1 sounds=1 checks=7110
application replay summary frame=1422 score=7200 failures=1 sounds=1 checks=7110
application replay summary frame=1422 score=7200 failures=1 sounds=1 checks=7110
application replay summary frame=1422 score=7200 failures=1 sounds=1 checks=7110
application replay summary frame=1422 score=7200 failures=1 sounds=1 checks=7110
application replay summary frame=1422 score=7200 failures=1 sounds=1 checks=7110
application replay summary frame=1422 score=7200 failures=1 sounds=1 checks=7110
application replay summary frame=1422 score=7200 failures=1 sounds=1 checks=7110
application replay summary frame=1422 score=7200 failures=1 sounds=1 checks=7110
{
  "scenario": "natural_progression",
  "seed": 1,
  "speed": 0,
  "presentation_replay": {
    "controller": "presentation-request-v1",
    "qualification": "conditional_presentation_request_replay",
    "capture_next_round": 2,
    "tail_rounds": [
      2,
      3,
      4
    ],
    "request_counts": [
      0,
      1,
      2,
      1,
      0
    ],
    "process_count": 3,
    "snapshot_bytes": 173900,
    "snapshot_sha256": "ad76ce1e7301e9456cbcc90aebc132660aa158df952061d06cdf1a945329aad3",
    "trace_bytes": 1632,
    "trace_sha256": "c24c3f0204574c751da7cc0ede1f240e75616029c9db6427d9a4c60a2519bf37",
    "comparison": "完整Session、controller及全plan/request上下文/sound字节三路相同",
    "terminal_output": "presentation summary rounds=5 ordinal=5 random=8 requests=4 sounds=4 checks=37",
    "boundary": "人工合法任务进度及66等待页，不认证自然赠礼路线或原Android调度频率"
  },
  "application_replay": {
    "controller": "application-clear-conditions-v1",
    "qualification": "conditional_raw17_application_replay",
    "captures": [
      {
        "boundary": "row2-44",
        "next_frame": 660,
        "tail_frames": 763,
        "process_count": 3,
        "snapshot_bytes": 347507,
        "snapshot_sha256": "754f023b9c07038047ac94942afa81347f00fe7ecaa023225c61b73cf04b5465",
        "trace_bytes": 626115,
        "trace_sha256": "9bd132aa68485033aefe492eac78cb14e0738b9020bdb41165dea626929ae38f"
      },
      {
        "boundary": "row2-45",
        "next_frame": 661,
        "tail_frames": 762,
        "process_count": 3,
        "snapshot_bytes": 347507,
        "snapshot_sha256": "8b2579009408134320ee7b4079d05746f578ccd245c51187245d0b257e26faa7",
        "trace_bytes": 625295,
        "trace_sha256": "37dff0ba0f78afe4afa6a442767562f28cc3f9306cfce9370ffbec7af9388acf"
      },
      {
        "boundary": "final64",
        "next_frame": 1421,
        "tail_frames": 2,
        "process_count": 3,
        "snapshot_bytes": 347507,
        "snapshot_sha256": "1c3f620a3e4b36b3d3a3b6ccbca8586be6ebf36afd3933c6e7aba836e996bdad",
        "trace_bytes": 1674,
        "trace_sha256": "51d2ddd9df30c7991ddad5a3f7d752d8fbd26bf8b51eb883a1306b6326c56529"
      },
      {
        "boundary": "failed",
        "next_frame": 1422,
        "tail_frames": 1,
        "process_count": 3,
        "snapshot_bytes": 347507,
        "snapshot_sha256": "0fa0e2ad1ba29f2667415741a0cc4f7a7177ed9ad51e3ed66bec82f27cb26f33",
        "trace_bytes": 853,
        "trace_sha256": "b99af2176ae1d56317ae11424c7577f235b1161cd78bf084d592b16b830e8bf4"
      }
    ],
    "terminal_output": "application replay summary frame=1422 score=7200 failures=1 sounds=1 checks=7110",
    "process_timeout_seconds": 120,
    "comparison": "完整应用/Session历史/规范Driver/实际有序声音/事件4、5、6/隔离系统字节摘要三路相同",
    "boundary": "合法raw17条件入口；不认证自然十六年、原标题人物或原版存档兼容",
    "preserved_directory": "D:\\code\\Ark-Village\\research\\dungeon_village_1\\work\\snapshots\\application-clear-v1"
  },
  "reference_origin": "真实新局不中断继续",
  "certification_level": "new_game_reference_tail",
  "source_prefix": null,
  "producer_revision": "4ef4a98-application-replay",
  "save_at": 420,
  "stop_at": 840,
  "periodic_interval": null,
  "periodic_directory": null,
  "periodic_status": null,
  "preserved_snapshot": null,
  "completion": "有界尾段",
  "certification": "本证书仅覆盖指定场景主快照与所列尾段",
  "tail_frames": 420,
  "process_count": 3,
  "snapshot_bytes": 346394,
  "snapshot_sha256": "b3b4f42b5f7e59b2420ebe655a9ac11b414daf765c8050acc3ddb4a669beca2a",
  "trace_bytes": 304920,
  "trace_sha256": "ddebdf802e54a6dbec103994b7be0e8e35ae0f90e996ba63e08c39e412905ff1",
  "tail_output": "natural replay bounded prefix next_frame=841 frame=840 date=0/3/2/729 month_tick=827 cash=5400 scene=0 B=70 humans=3 tasks=0 random=248 report=0/0 actor=3:def1:state0:action9:B31:cell11,5:op1 actor=4:def3:state0:action0:B72:cell11,14 actor=5:def2:state14:action0:B24:cell10,5:op1\n3366 checks passed",
  "process_wall_seconds": [
    12.1356507,
    6.5444411,
    6.439410100000001,
    0.07038110000000233,
    0.04141900000000169,
    0.03983410000000003,
    8.988617300000001,
    2.730051999999996,
    2.6976226999999997,
    2.7040994999999968,
    2.7283354000000037,
    0.06793450000000302,
    0.06834939999999914,
    0.057729800000000976,
    0.06438509999999951
  ],
  "comparison": "逐帧全Session和Driver及尾段stdout三路相同",
  "certification_boundary": "本轮reference从真实新局不中断至终点，双恢复仅认证主快照之后尾段"
}
