[0/2] Re-checking globbed directories...
[1/88] Generating startup_world_data.cpp
[2/88] Building CXX object prototype/CMakeFiles/dungeon_village_startup_world.dir/src/startup_world_projection.cpp.obj
[3/88] Building CXX object prototype/CMakeFiles/dungeon_village_startup_world.dir/src/startup_world_restore_validation.cpp.obj
[4/88] Building CXX object prototype/CMakeFiles/dungeon_village_startup_world.dir/src/startup_world_codec.cpp.obj
[5/88] Building CXX object prototype/CMakeFiles/dungeon_village_startup_world.dir/src/startup_world_routes.cpp.obj
[6/88] Building CXX object prototype/CMakeFiles/dungeon_village_startup_world.dir/src/startup_world_persistence.cpp.obj
[7/88] Building CXX object prototype/CMakeFiles/dungeon_village_startup_world.dir/src/startup_world_profile.cpp.obj
[8/88] Building CXX object prototype/CMakeFiles/dungeon_village_startup_world.dir/src/startup_world_inheritance.cpp.obj
[9/88] Building CXX object prototype/CMakeFiles/dungeon_village_startup_world.dir/src/startup_world_runtime_calendar.cpp.obj
[10/88] Building CXX object prototype/CMakeFiles/dungeon_village_startup_world.dir/src/startup_world_runtime.cpp.obj
[11/88] Building CXX object prototype/CMakeFiles/dungeon_village_startup_world.dir/src/startup_world_runtime_scene.cpp.obj
[12/88] Building CXX object prototype/CMakeFiles/dungeon_village_startup_world.dir/src/startup_world_runtime_focus.cpp.obj
[13/88] Building CXX object prototype/CMakeFiles/dungeon_village_startup_world.dir/src/startup_world_runtime_arrival.cpp.obj
[14/88] Building CXX object prototype/CMakeFiles/dungeon_village_startup_world.dir/src/startup_world_runtime_task_pages.cpp.obj
[15/88] Building CXX object prototype/CMakeFiles/dungeon_village_startup_world.dir/src/startup_world_runtime_tasks.cpp.obj
[16/88] Building CXX object prototype/CMakeFiles/dungeon_village_startup_world.dir/src/startup_world_runtime_deadline.cpp.obj
[17/88] Building CXX object prototype/CMakeFiles/dungeon_village_startup_world.dir/src/startup_world_runtime_pages.cpp.obj
[18/88] Building CXX object prototype/CMakeFiles/dungeon_village_startup_world.dir/src/startup_world_visuals.cpp.obj
[19/88] Building CXX object prototype/CMakeFiles/dungeon_village_startup_world.dir/src/startup_world_runtime_nonactors.cpp.obj
[20/88] Building CXX object prototype/CMakeFiles/dungeon_village_startup_world.dir/src/startup_world_presentation.cpp.obj
[21/88] Building CXX object prototype/CMakeFiles/dungeon_village_startup_world.dir/src/startup_world_expansion.cpp.obj
[22/88] Building CXX object prototype/CMakeFiles/dungeon_village_startup_world.dir/src/startup_world_building.cpp.obj
[23/88] Building CXX object prototype/CMakeFiles/dungeon_village_startup_world.dir/src/startup_world_human.cpp.obj
[24/88] Building CXX object prototype/CMakeFiles/dungeon_village_startup_world.dir/src/startup_world_tax.cpp.obj
[25/88] Building CXX object prototype/CMakeFiles/dungeon_village_startup_world.dir/src/startup_world_village_activity.cpp.obj
[26/88] Building CXX object prototype/CMakeFiles/dungeon_village_startup_world.dir/src/startup_world_facility_items.cpp.obj
[27/88] Building CXX object prototype/CMakeFiles/dungeon_village_startup_world.dir/src/startup_world_facility_catalog.cpp.obj
[28/88] Building CXX object prototype/CMakeFiles/dungeon_village_startup_world.dir/src/startup_world_magic_pot.cpp.obj
[29/88] Building CXX object prototype/CMakeFiles/dungeon_village_startup_world.dir/src/startup_world_commerce.cpp.obj
[30/88] Building CXX object prototype/CMakeFiles/dungeon_village_startup_world.dir/src/startup_world_editing.cpp.obj
[31/88] Building CXX object prototype/CMakeFiles/dungeon_village_startup_world.dir/startup_world_data.cpp.obj
[32/88] Linking CXX shared library bin\libdungeon_village_startup_world.dll
[33/88] Building CXX object prototype/CMakeFiles/dungeon_village_startup_application.dir/src/startup_system_records.cpp.obj
[34/88] Building CXX object prototype/CMakeFiles/dungeon_village_startup_application.dir/src/startup_world_clear_score.cpp.obj
[35/88] Building CXX object prototype/CMakeFiles/dungeon_village_startup_application.dir/src/startup_application_replay_paths.cpp.obj
[36/88] Building CXX object prototype/CMakeFiles/dungeon_village_startup_application.dir/src/startup_application_replay.cpp.obj
[37/88] Building CXX object prototype/CMakeFiles/dungeon_village_startup_application.dir/src/startup_application.cpp.obj
[38/88] Building CXX object prototype/CMakeFiles/dungeon_village_startup_application.dir/src/startup_application_title.cpp.obj
[39/88] Building CXX object prototype/CMakeFiles/dungeon_village_startup_application.dir/src/startup_title_actor_skin.cpp.obj
[40/88] Building CXX object prototype/CMakeFiles/dungeon_village_startup_application_cli.dir/src/startup_application_main.cpp.obj
[41/88] Building CXX object prototype/CMakeFiles/dungeon_village_startup_application.dir/src/startup_application_actions.cpp.obj
[42/88] Linking CXX shared library bin\libdungeon_village_startup_application.dll
[43/88] Building CXX object prototype/CMakeFiles/dungeon_village_startup_application_tests.dir/tests/startup_system_records_test.cpp.obj
[44/88] Building CXX object prototype/CMakeFiles/dungeon_village_startup_application_tests.dir/tests/startup_application_test.cpp.obj
[45/88] Building CXX object prototype/CMakeFiles/dungeon_village_startup_application_tests.dir/tests/startup_application_replay_paths_checks.cpp.obj
[46/88] Building CXX object prototype/CMakeFiles/dungeon_village_startup_application_tests.dir/tests/startup_world_clear_score_test.cpp.obj
[47/88] Building CXX object prototype/CMakeFiles/dungeon_village_startup_world_projection_tests.dir/tests/startup_world_projection_test.cpp.obj
[48/88] Building CXX object prototype/CMakeFiles/dungeon_village_startup_application_tests.dir/tests/startup_application_replay_state_checks.cpp.obj
[49/88] Building CXX object prototype/CMakeFiles/dungeon_village_startup_world_routes_tests.dir/tests/startup_world_routes_test.cpp.obj
[50/88] Building CXX object prototype/CMakeFiles/dungeon_village_startup_world_scene_tests.dir/tests/startup_world_scene_test.cpp.obj
[51/88] Building CXX object prototype/CMakeFiles/dungeon_village_startup_world_arrival_tests.dir/tests/startup_world_arrival_test.cpp.obj
[52/88] Building CXX object prototype/CMakeFiles/dungeon_village_startup_world_runtime_tasks_tests.dir/tests/startup_world_runtime_tasks_test.cpp.obj
[53/88] Building CXX object prototype/CMakeFiles/dungeon_village_startup_world_runtime_tests.dir/tests/startup_world_runtime_test.cpp.obj
[54/88] Building CXX object prototype/CMakeFiles/dungeon_village_startup_world_continuous_tests.dir/tests/startup_world_replay_driver.cpp.obj
[55/88] Building CXX object prototype/CMakeFiles/dungeon_village_startup_world_continuous_tests.dir/tests/startup_world_continuous_test.cpp.obj
[56/88] Building CXX object prototype/CMakeFiles/dungeon_village_startup_world_pages_tests.dir/tests/startup_world_pages_test.cpp.obj
[57/88] Building CXX object prototype/CMakeFiles/dungeon_village_startup_world_runtime_nonactors_tests.dir/tests/startup_world_runtime_nonactors_test.cpp.obj
[58/88] Building CXX object prototype/CMakeFiles/dungeon_village_startup_world_task_flow_tests.dir/tests/startup_world_task_flow_test.cpp.obj
[59/88] Building CXX object prototype/CMakeFiles/dungeon_village_startup_world_deadline_tests.dir/tests/startup_world_deadline_test.cpp.obj
[60/88] Building CXX object prototype/CMakeFiles/dungeon_village_startup_world_building_tests.dir/tests/startup_world_building_test.cpp.obj
[61/88] Building CXX object prototype/CMakeFiles/dungeon_village_startup_world_persistence_tests.dir/tests/startup_world_persistence_test.cpp.obj
[62/88] Building CXX object prototype/CMakeFiles/dungeon_village_startup_world_persistence_tests.dir/tests/startup_world_codec_checks.cpp.obj
[63/88] Building CXX object prototype/CMakeFiles/dungeon_village_startup_world_persistence_tests.dir/tests/startup_world_restore_checks.cpp.obj
[64/88] Building CXX object prototype/CMakeFiles/dungeon_village_startup_world_persistence_tests.dir/tests/startup_application_replay_checks.cpp.obj
[65/88] Building CXX object prototype/CMakeFiles/dungeon_village_startup_world_persistence_tests.dir/tests/startup_application_natural_replay.cpp.obj
[66/88] Building CXX object prototype/CMakeFiles/dungeon_village_startup_world_persistence_tests.dir/tests/startup_application_actions_checks.cpp.obj
[67/88] Building CXX object prototype/CMakeFiles/dungeon_village_startup_world_visuals_tests.dir/tests/startup_skin_checks.cpp.obj
[68/88] Building CXX object prototype/CMakeFiles/dungeon_village_prototype.dir/src/main.cpp.obj
[69/88] Building CXX object prototype/CMakeFiles/dungeon_village_startup_world_visuals_tests.dir/tests/startup_world_visuals_test.cpp.obj
[70/88] Linking CXX executable bin\dungeon_village_startup_application_cli.exe
[71/88] Linking CXX executable bin\dungeon_village_startup_application_tests.exe
[72/88] Linking CXX executable bin\dungeon_village_startup_world_projection_tests.exe
[73/88] Linking CXX executable bin\dungeon_village_startup_world_routes_tests.exe
[74/88] Linking CXX executable bin\dungeon_village_startup_world_scene_tests.exe
[75/88] Linking CXX executable bin\dungeon_village_startup_world_arrival_tests.exe
[76/88] Linking CXX executable bin\dungeon_village_startup_world_runtime_tasks_tests.exe
[77/88] Linking CXX executable bin\dungeon_village_startup_world_runtime_tests.exe
[78/88] Linking CXX executable bin\dungeon_village_startup_world_continuous_tests.exe
[79/88] Linking CXX executable bin\dungeon_village_startup_world_pages_tests.exe
[80/88] Linking CXX executable bin\dungeon_village_startup_world_runtime_nonactors_tests.exe
[81/88] Linking CXX executable bin\dungeon_village_startup_world_task_flow_tests.exe
[82/88] Linking CXX executable bin\dungeon_village_startup_world_deadline_tests.exe
[83/88] Linking CXX executable bin\dungeon_village_startup_world_building_tests.exe
[84/88] Linking CXX executable bin\dungeon_village_startup_world_persistence_tests.exe
[85/88] Linking CXX executable bin\dungeon_village_startup_world_visuals_tests.exe
[86/88] Building CXX object prototype/CMakeFiles/dungeon_village_prototype.dir/src/startup_view.cpp.obj
[87/88] Linking CXX executable bin\dungeon_village_prototype.exe
