[0/2] Re-checking globbed directories...
[1/82] Building CXX object prototype/CMakeFiles/dungeon_village_startup_world.dir/src/startup_world_restore_validation.cpp.obj
[2/82] Building CXX object prototype/CMakeFiles/dungeon_village_startup_world.dir/src/startup_world_codec.cpp.obj
[3/82] Building CXX object prototype/CMakeFiles/dungeon_village_startup_world.dir/src/startup_world_persistence.cpp.obj
[4/82] Building CXX object prototype/CMakeFiles/dungeon_village_startup_world.dir/src/startup_world_profile.cpp.obj
[5/82] Building CXX object prototype/CMakeFiles/dungeon_village_startup_world.dir/src/startup_world_inheritance.cpp.obj
[6/82] Building CXX object prototype/CMakeFiles/dungeon_village_startup_world.dir/src/startup_world_runtime_calendar.cpp.obj
[7/82] Building CXX object prototype/CMakeFiles/dungeon_village_startup_world.dir/src/startup_world_runtime.cpp.obj
[8/82] Building CXX object prototype/CMakeFiles/dungeon_village_startup_world.dir/src/startup_world_runtime_scene.cpp.obj
[9/82] Building CXX object prototype/CMakeFiles/dungeon_village_startup_world.dir/src/startup_world_runtime_focus.cpp.obj
[10/82] Building CXX object prototype/CMakeFiles/dungeon_village_startup_world.dir/src/startup_world_runtime_arrival.cpp.obj
[11/82] Building CXX object prototype/CMakeFiles/dungeon_village_startup_world.dir/src/startup_world_runtime_task_pages.cpp.obj
[12/82] Building CXX object prototype/CMakeFiles/dungeon_village_startup_world.dir/src/startup_world_runtime_tasks.cpp.obj
[13/82] Building CXX object prototype/CMakeFiles/dungeon_village_startup_world.dir/src/startup_world_runtime_deadline.cpp.obj
[14/82] Building CXX object prototype/CMakeFiles/dungeon_village_startup_world.dir/src/startup_world_runtime_pages.cpp.obj
[15/82] Building CXX object prototype/CMakeFiles/dungeon_village_startup_world.dir/src/startup_world_visuals.cpp.obj
[16/82] Building CXX object prototype/CMakeFiles/dungeon_village_startup_world.dir/src/startup_world_runtime_nonactors.cpp.obj
[17/82] Building CXX object prototype/CMakeFiles/dungeon_village_startup_world.dir/src/startup_world_presentation.cpp.obj
[18/82] Building CXX object prototype/CMakeFiles/dungeon_village_startup_world.dir/src/startup_world_expansion.cpp.obj
[19/82] Building CXX object prototype/CMakeFiles/dungeon_village_startup_world.dir/src/startup_world_building.cpp.obj
[20/82] Building CXX object prototype/CMakeFiles/dungeon_village_startup_world.dir/src/startup_world_human.cpp.obj
[21/82] Building CXX object prototype/CMakeFiles/dungeon_village_startup_world.dir/src/startup_world_tax.cpp.obj
[22/82] Building CXX object prototype/CMakeFiles/dungeon_village_startup_world.dir/src/startup_world_village_activity.cpp.obj
[23/82] Building CXX object prototype/CMakeFiles/dungeon_village_startup_world.dir/src/startup_world_facility_items.cpp.obj
[24/82] Building CXX object prototype/CMakeFiles/dungeon_village_startup_world.dir/src/startup_world_facility_catalog.cpp.obj
[25/82] Building CXX object prototype/CMakeFiles/dungeon_village_startup_world.dir/src/startup_world_magic_pot.cpp.obj
[26/82] Building CXX object prototype/CMakeFiles/dungeon_village_startup_world.dir/src/startup_world_commerce.cpp.obj
[27/82] Building CXX object prototype/CMakeFiles/dungeon_village_startup_world.dir/src/startup_world_editing.cpp.obj
[28/82] Linking CXX shared library bin\libdungeon_village_startup_world.dll
[29/80] Building CXX object prototype/CMakeFiles/dungeon_village_startup_application.dir/src/startup_system_records.cpp.obj
[30/80] Building CXX object prototype/CMakeFiles/dungeon_village_startup_application.dir/src/startup_world_clear_score.cpp.obj
[31/80] Building CXX object prototype/CMakeFiles/dungeon_village_startup_application.dir/src/startup_application_replay_paths.cpp.obj
[32/80] Building CXX object prototype/CMakeFiles/dungeon_village_startup_application.dir/src/startup_application_replay.cpp.obj
[33/80] Building CXX object prototype/CMakeFiles/dungeon_village_startup_application.dir/src/startup_application.cpp.obj
[34/80] Building CXX object prototype/CMakeFiles/dungeon_village_startup_application.dir/src/startup_application_title.cpp.obj
[35/80] Building CXX object prototype/CMakeFiles/dungeon_village_startup_application.dir/src/startup_title_actor_skin.cpp.obj
[36/80] Building CXX object prototype/CMakeFiles/dungeon_village_startup_application_cli.dir/src/startup_application_main.cpp.obj
[37/80] Building CXX object prototype/CMakeFiles/dungeon_village_startup_application.dir/src/startup_application_actions.cpp.obj
[38/80] Linking CXX shared library bin\libdungeon_village_startup_application.dll
[39/80] Building CXX object prototype/CMakeFiles/dungeon_village_startup_application_tests.dir/tests/startup_system_records_test.cpp.obj
[40/80] Building CXX object prototype/CMakeFiles/dungeon_village_startup_application_tests.dir/tests/startup_application_test.cpp.obj
[41/80] Building CXX object prototype/CMakeFiles/dungeon_village_startup_application_tests.dir/tests/startup_application_replay_paths_checks.cpp.obj
[42/80] Building CXX object prototype/CMakeFiles/dungeon_village_startup_application_tests.dir/tests/startup_world_clear_score_test.cpp.obj
[43/80] Building CXX object prototype/CMakeFiles/dungeon_village_startup_application_tests.dir/tests/startup_application_replay_state_checks.cpp.obj
[44/80] Building CXX object prototype/CMakeFiles/dungeon_village_startup_world_arrival_tests.dir/tests/startup_world_arrival_test.cpp.obj
[45/80] Building CXX object prototype/CMakeFiles/dungeon_village_startup_world_scene_tests.dir/tests/startup_world_scene_test.cpp.obj
[46/80] Building CXX object prototype/CMakeFiles/dungeon_village_startup_world_runtime_tests.dir/tests/startup_world_runtime_test.cpp.obj
[47/80] Building CXX object prototype/CMakeFiles/dungeon_village_startup_world_runtime_tasks_tests.dir/tests/startup_world_runtime_tasks_test.cpp.obj
[48/80] Building CXX object prototype/CMakeFiles/dungeon_village_startup_world_continuous_tests.dir/tests/startup_world_replay_driver.cpp.obj
[49/80] Building CXX object prototype/CMakeFiles/dungeon_village_startup_world_continuous_tests.dir/tests/startup_world_continuous_test.cpp.obj
[50/80] Building CXX object prototype/CMakeFiles/dungeon_village_startup_world_pages_tests.dir/tests/startup_world_pages_test.cpp.obj
[51/80] Building CXX object prototype/CMakeFiles/dungeon_village_startup_world_runtime_nonactors_tests.dir/tests/startup_world_runtime_nonactors_test.cpp.obj
[52/80] Building CXX object prototype/CMakeFiles/dungeon_village_startup_world_task_flow_tests.dir/tests/startup_world_task_flow_test.cpp.obj
[53/80] Building CXX object prototype/CMakeFiles/dungeon_village_startup_world_deadline_tests.dir/tests/startup_world_deadline_test.cpp.obj
[54/80] Building CXX object prototype/CMakeFiles/dungeon_village_startup_world_building_tests.dir/tests/startup_world_building_test.cpp.obj
[55/80] Building CXX object prototype/CMakeFiles/dungeon_village_startup_world_persistence_tests.dir/tests/startup_world_persistence_test.cpp.obj
[56/80] Building CXX object prototype/CMakeFiles/dungeon_village_startup_world_persistence_tests.dir/tests/startup_world_codec_checks.cpp.obj
[57/80] Building CXX object prototype/CMakeFiles/dungeon_village_startup_world_persistence_tests.dir/tests/startup_world_restore_checks.cpp.obj
[58/80] Building CXX object prototype/CMakeFiles/dungeon_village_startup_world_persistence_tests.dir/tests/startup_application_replay_checks.cpp.obj
[59/80] Building CXX object prototype/CMakeFiles/dungeon_village_startup_world_persistence_tests.dir/tests/startup_application_natural_replay.cpp.obj
[60/80] Building CXX object prototype/CMakeFiles/dungeon_village_startup_world_persistence_tests.dir/tests/startup_application_actions_checks.cpp.obj
[61/80] Building CXX object prototype/CMakeFiles/dungeon_village_startup_world_visuals_tests.dir/tests/startup_skin_checks.cpp.obj
[62/80] Building CXX object prototype/CMakeFiles/dungeon_village_prototype.dir/src/main.cpp.obj
[63/80] Building CXX object prototype/CMakeFiles/dungeon_village_startup_world_visuals_tests.dir/tests/startup_world_visuals_test.cpp.obj
[64/80] Linking CXX executable bin\dungeon_village_startup_application_cli.exe
[65/80] Linking CXX executable bin\dungeon_village_startup_application_tests.exe
[66/80] Linking CXX executable bin\dungeon_village_startup_world_scene_tests.exe
[67/80] Linking CXX executable bin\dungeon_village_startup_world_arrival_tests.exe
[68/80] Linking CXX executable bin\dungeon_village_startup_world_runtime_tasks_tests.exe
[69/80] Linking CXX executable bin\dungeon_village_startup_world_runtime_tests.exe
[70/80] Linking CXX executable bin\dungeon_village_startup_world_continuous_tests.exe
[71/80] Linking CXX executable bin\dungeon_village_startup_world_pages_tests.exe
[72/80] Linking CXX executable bin\dungeon_village_startup_world_runtime_nonactors_tests.exe
[73/80] Linking CXX executable bin\dungeon_village_startup_world_task_flow_tests.exe
[74/80] Linking CXX executable bin\dungeon_village_startup_world_deadline_tests.exe
[75/80] Linking CXX executable bin\dungeon_village_startup_world_building_tests.exe
[76/80] Linking CXX executable bin\dungeon_village_startup_world_persistence_tests.exe
[77/80] Linking CXX executable bin\dungeon_village_startup_world_visuals_tests.exe
[78/80] Building CXX object prototype/CMakeFiles/dungeon_village_prototype.dir/src/startup_view.cpp.obj
[79/80] Linking CXX executable bin\dungeon_village_prototype.exe
