application-natural-month months=1 frame=1634 history=4 random=4250
application-natural-capture frame=1634 next_frame=1635 months=1 bytes=1402512
application-natural-summary {"capture_frame":1634,"capture_months":1,"completed_frame":1654,"next_frame":1655,"next_command":5,"months":1,"date":[0,4,0,540],"digest":"6142e86ba92d0aec8721b1d98e30159d61f3d86dae9d912ecf6a0c43fd5c5925","resources":[3,8,1,4,6,0],"peaks":[3,8,3,4,6,0],"resource_names":["humans","facilities","pages","audit_history","cash_entries","retained_tasks"],"sound_count":11,"sound_hash":"ce3c978fbcd4e485b44fc7c97dd55e8b8bea70bd775f556e9e5ec171b7ecb281","random":4312,"phase":0,"trace_rows":20,"capture_seconds":0.188233,"restore_seconds":0.0171575}
application-natural-summary {"capture_frame":null,"capture_months":null,"completed_frame":1654,"next_frame":1655,"next_command":5,"months":1,"date":[0,4,0,540],"digest":"6142e86ba92d0aec8721b1d98e30159d61f3d86dae9d912ecf6a0c43fd5c5925","resources":[3,8,1,4,6,0],"peaks":[3,8,3,4,6,0],"resource_names":["humans","facilities","pages","audit_history","cash_entries","retained_tasks"],"sound_count":11,"sound_hash":"ce3c978fbcd4e485b44fc7c97dd55e8b8bea70bd775f556e9e5ec171b7ecb281","random":4312,"phase":0,"trace_rows":20,"capture_seconds":0,"restore_seconds":0.0338373}
application-natural-summary {"capture_frame":null,"capture_months":null,"completed_frame":1654,"next_frame":1655,"next_command":5,"months":1,"date":[0,4,0,540],"digest":"6142e86ba92d0aec8721b1d98e30159d61f3d86dae9d912ecf6a0c43fd5c5925","resources":[3,8,1,4,6,0],"peaks":[3,8,3,4,6,0],"resource_names":["humans","facilities","pages","audit_history","cash_entries","retained_tasks"],"sound_count":11,"sound_hash":"ce3c978fbcd4e485b44fc7c97dd55e8b8bea70bd775f556e9e5ec171b7ecb281","random":4312,"phase":0,"trace_rows":20,"capture_seconds":0,"restore_seconds":0.0352301}
{
  "controller": "application-natural-clear-v1",
  "qualification": "natural_application_tail",
  "producer_revision": "2ea65e2-startup-init-sem4",
  "seed": 1,
  "speed": 0,
  "dataset": "c3f9419d56e2db0c4a4fcf582f3b34fe5100a12b6acaa2b3bbf3ca0273faa690",
  "world_schema": "a1ca189f3b9290b18390812af91f601eaac9f295154ab1de3601590d0fbda2d7",
  "application_schema": "77fcbdfefcb6e2ad562e95d081c6d9ba3a086612dab44aa49d72faca9dae84c2",
  "source_prefix": {
    "file": "D:\\code\\Ark-Village\\research\\dungeon_village_1\\work\\snapshots\\natural-application-v4\\frame420.avra",
    "certificate_file": "D:\\code\\Ark-Village\\research\\dungeon_village_1\\work\\snapshots\\natural-application-v4\\frame420.avra.json",
    "snapshot_sha256": "92704d9ca9b37efb1efd67cba0351290b3d515dbb38662dc05647c5b5ca4217a",
    "certificate_sha256": "57299d630d0fc1062e53f8ed80118d76c257a80bb1e6d6e75e58a31a322f3316",
    "next_frame": 421,
    "capture_frame": 420,
    "months": 0,
    "qualification": "natural_application_tail"
  },
  "capture_frame": 1634,
  "capture_months": 1,
  "stop_at": 1654,
  "tail_frames": 20,
  "process_count": 3,
  "snapshot_bytes": 1402512,
  "snapshot_sha256": "e6d33aabfc7fd9b066d7c7feb6752c00dbac86613fbd21d6346349b1b2ce67ec",
  "section_bytes": {
    "1": 70,
    "2": 383,
    "3": 635,
    "4": 1399232,
    "5": 1480
  },
  "trace_bytes": 4080,
  "trace_sha256": "05abd5b64c640d35232cb150e377cb1783eeec21467442853aa6a4d2d07d10dd",
  "terminal": {
    "capture_frame": 1634,
    "capture_months": 1,
    "completed_frame": 1654,
    "next_frame": 1655,
    "next_command": 5,
    "months": 1,
    "date": [
      0,
      4,
      0,
      540
    ],
    "digest": "6142e86ba92d0aec8721b1d98e30159d61f3d86dae9d912ecf6a0c43fd5c5925",
    "resources": [
      3,
      8,
      1,
      4,
      6,
      0
    ],
    "peaks": [
      3,
      8,
      3,
      4,
      6,
      0
    ],
    "resource_names": [
      "humans",
      "facilities",
      "pages",
      "audit_history",
      "cash_entries",
      "retained_tasks"
    ],
    "sound_count": 11,
    "sound_hash": "ce3c978fbcd4e485b44fc7c97dd55e8b8bea70bd775f556e9e5ec171b7ecb281",
    "random": 4312,
    "phase": 0,
    "trace_rows": 20,
    "capture_seconds": 0.188233,
    "restore_seconds": 0.0171575
  },
  "process_wall_seconds": [
    44.9459561,
    0.6054423999999999,
    0.6134763999999996
  ],
  "certification_boundary": "已认证源恢复后继续；本轮仅认证新捕获尾段",
  "limitations": [
    "被动自然日期策略，不认证五星/全部任务/BOSS",
    "不认证原APK/Steam动态或自动绘制频率"
  ]
}
