application-natural-capture frame=420 next_frame=421 months=0 bytes=348290
application-natural-summary {"capture_frame":420,"capture_months":0,"completed_frame":440,"next_frame":441,"next_command":3,"months":0,"date":[0,3,1,729],"digest":"15b9fe2383b9ec3659cea966246770a035a0f53d09a8526f9edc2cf98a776a7c","resources":[1,8,1,1,0,0],"peaks":[1,8,2,1,0,0],"resource_names":["humans","facilities","pages","audit_history","cash_entries","retained_tasks"],"sound_count":0,"sound_hash":"dabeacc8cffcbac99f664b4d265fb6eeec4126442b4bca620b8c030a2641da66","random":5,"phase":0,"trace_rows":20,"capture_seconds":0.0598834,"restore_seconds":0}
application-natural-summary {"capture_frame":null,"capture_months":null,"completed_frame":440,"next_frame":441,"next_command":3,"months":0,"date":[0,3,1,729],"digest":"15b9fe2383b9ec3659cea966246770a035a0f53d09a8526f9edc2cf98a776a7c","resources":[1,8,1,1,0,0],"peaks":[1,8,2,1,0,0],"resource_names":["humans","facilities","pages","audit_history","cash_entries","retained_tasks"],"sound_count":0,"sound_hash":"dabeacc8cffcbac99f664b4d265fb6eeec4126442b4bca620b8c030a2641da66","random":5,"phase":0,"trace_rows":20,"capture_seconds":0,"restore_seconds":0.0167116}
application-natural-summary {"capture_frame":null,"capture_months":null,"completed_frame":440,"next_frame":441,"next_command":3,"months":0,"date":[0,3,1,729],"digest":"15b9fe2383b9ec3659cea966246770a035a0f53d09a8526f9edc2cf98a776a7c","resources":[1,8,1,1,0,0],"peaks":[1,8,2,1,0,0],"resource_names":["humans","facilities","pages","audit_history","cash_entries","retained_tasks"],"sound_count":0,"sound_hash":"dabeacc8cffcbac99f664b4d265fb6eeec4126442b4bca620b8c030a2641da66","random":5,"phase":0,"trace_rows":20,"capture_seconds":0,"restore_seconds":0.0158311}
{
  "controller": "application-natural-clear-v1",
  "qualification": "natural_application_tail",
  "producer_revision": "2ea65e2-startup-init-sem4",
  "seed": 1,
  "speed": 0,
  "dataset": "c3f9419d56e2db0c4a4fcf582f3b34fe5100a12b6acaa2b3bbf3ca0273faa690",
  "world_schema": "a1ca189f3b9290b18390812af91f601eaac9f295154ab1de3601590d0fbda2d7",
  "application_schema": "77fcbdfefcb6e2ad562e95d081c6d9ba3a086612dab44aa49d72faca9dae84c2",
  "source_prefix": null,
  "capture_frame": 420,
  "capture_months": 0,
  "stop_at": 440,
  "tail_frames": 20,
  "process_count": 3,
  "snapshot_bytes": 348290,
  "snapshot_sha256": "92704d9ca9b37efb1efd67cba0351290b3d515dbb38662dc05647c5b5ca4217a",
  "section_bytes": {
    "1": 70,
    "2": 380,
    "3": 635,
    "4": 345013,
    "5": 1480
  },
  "trace_bytes": 4040,
  "trace_sha256": "3489d3bdcd7ba13ec463edf8e78709d86695dfcf7cb1c08819359b31653c08e7",
  "terminal": {
    "capture_frame": 420,
    "capture_months": 0,
    "completed_frame": 440,
    "next_frame": 441,
    "next_command": 3,
    "months": 0,
    "date": [
      0,
      3,
      1,
      729
    ],
    "digest": "15b9fe2383b9ec3659cea966246770a035a0f53d09a8526f9edc2cf98a776a7c",
    "resources": [
      1,
      8,
      1,
      1,
      0,
      0
    ],
    "peaks": [
      1,
      8,
      2,
      1,
      0,
      0
    ],
    "resource_names": [
      "humans",
      "facilities",
      "pages",
      "audit_history",
      "cash_entries",
      "retained_tasks"
    ],
    "sound_count": 0,
    "sound_hash": "dabeacc8cffcbac99f664b4d265fb6eeec4126442b4bca620b8c030a2641da66",
    "random": 5,
    "phase": 0,
    "trace_rows": 20,
    "capture_seconds": 0.0598834,
    "restore_seconds": 0
  },
  "process_wall_seconds": [
    6.6290131,
    0.22968139999999948,
    0.22377270000000044
  ],
  "certification_boundary": "本轮真实新局reference及指定捕获尾段",
  "limitations": [
    "被动自然日期策略，不认证五星/全部任务/BOSS",
    "不认证原APK/Steam动态或自动绘制频率"
  ]
}
