[0/2] Re-checking globbed directories...
[1/2] Re-running CMake...
-- Configuring done (0.4s)
-- Generating done (0.2s)
-- Build files have been written to: D:/code/Ark-Village/research/dungeon_village_1/work/release
[0/4] Re-checking globbed directories...
[1/18] Building CXX object prototype/CMakeFiles/dungeon_village_startup_application.dir/src/startup_application_replay.cpp.obj
[2/18] Building CXX object prototype/CMakeFiles/dungeon_village_startup_application.dir/src/startup_title_actor_skin.cpp.obj
[3/18] Building CXX object prototype/CMakeFiles/dungeon_village_startup_application.dir/src/startup_application.cpp.obj
[4/18] Linking CXX shared library bin\libdungeon_village_startup_application.dll
[5/18] Building CXX object prototype/CMakeFiles/dungeon_village_startup_application_cli.dir/src/startup_application_main.cpp.obj
[6/18] Building CXX object prototype/CMakeFiles/dungeon_village_startup_application_tests.dir/tests/startup_application_replay_paths_checks.cpp.obj
[7/18] Building CXX object prototype/CMakeFiles/dungeon_village_startup_application_tests.dir/tests/startup_application_test.cpp.obj
[8/18] Building CXX object prototype/CMakeFiles/dungeon_village_startup_application_tests.dir/tests/startup_application_replay_state_checks.cpp.obj
[9/18] Building CXX object prototype/CMakeFiles/dungeon_village_startup_world_persistence_tests.dir/tests/startup_application_natural_replay.cpp.obj
[10/18] Building CXX object prototype/CMakeFiles/dungeon_village_startup_world_persistence_tests.dir/tests/startup_application_actions_checks.cpp.obj
[11/18] Linking CXX executable bin\dungeon_village_startup_application_cli.exe
[12/18] Linking CXX executable bin\dungeon_village_startup_application_tests.exe
[13/18] Linking CXX executable bin\dungeon_village_startup_world_persistence_tests.exe
[14/18] Building CXX object prototype/CMakeFiles/dungeon_village_startup_world_visuals_tests.dir/tests/startup_skin_checks.cpp.obj
[15/18] Linking CXX executable bin\dungeon_village_startup_world_visuals_tests.exe
