application-natural-month months=1 frame=1634 history=4 random=4250
application-natural-capture frame=1634 next_frame=1635 months=1 bytes=1401072
application-natural-summary {"capture_frame":1634,"capture_months":1,"completed_frame":1654,"next_frame":1655,"next_command":5,"months":1,"date":[0,4,0,540],"digest":"3d806ec6fbba17840bb2ffaacf498d1e831034000cd75e48eb0b470f1bf5be7e","resources":[3,8,1,4,6,0],"peaks":[3,8,3,4,6,0],"resource_names":["humans","facilities","pages","audit_history","cash_entries","retained_tasks"],"sound_count":4,"sound_hash":"a3543cc9766c6b958ddd25f8e9ef4b6d918bab43e14944c9771d4c2318f5094d","random":4312,"phase":0,"trace_rows":20,"capture_seconds":0.0718237,"restore_seconds":0.0173504}
application-natural-summary {"capture_frame":null,"capture_months":null,"completed_frame":1654,"next_frame":1655,"next_command":5,"months":1,"date":[0,4,0,540],"digest":"3d806ec6fbba17840bb2ffaacf498d1e831034000cd75e48eb0b470f1bf5be7e","resources":[3,8,1,4,6,0],"peaks":[3,8,3,4,6,0],"resource_names":["humans","facilities","pages","audit_history","cash_entries","retained_tasks"],"sound_count":4,"sound_hash":"a3543cc9766c6b958ddd25f8e9ef4b6d918bab43e14944c9771d4c2318f5094d","random":4312,"phase":0,"trace_rows":20,"capture_seconds":0,"restore_seconds":0.0337538}
application-natural-summary {"capture_frame":null,"capture_months":null,"completed_frame":1654,"next_frame":1655,"next_command":5,"months":1,"date":[0,4,0,540],"digest":"3d806ec6fbba17840bb2ffaacf498d1e831034000cd75e48eb0b470f1bf5be7e","resources":[3,8,1,4,6,0],"peaks":[3,8,3,4,6,0],"resource_names":["humans","facilities","pages","audit_history","cash_entries","retained_tasks"],"sound_count":4,"sound_hash":"a3543cc9766c6b958ddd25f8e9ef4b6d918bab43e14944c9771d4c2318f5094d","random":4312,"phase":0,"trace_rows":20,"capture_seconds":0,"restore_seconds":0.0331465}
{
  "controller": "application-natural-clear-v1",
  "qualification": "natural_application_tail",
  "producer_revision": "327fcc9-natural-app",
  "seed": 1,
  "speed": 0,
  "dataset": "c3f9419d56e2db0c4a4fcf582f3b34fe5100a12b6acaa2b3bbf3ca0273faa690",
  "world_schema": "a1ca189f3b9290b18390812af91f601eaac9f295154ab1de3601590d0fbda2d7",
  "application_schema": "6645b2f245a830466097cb21ea147f9d5bbdf71e0f4747a750ec8dd59b6421c3",
  "source_prefix": {
    "file": "D:\\code\\Ark-Village\\research\\dungeon_village_1\\work\\snapshots\\natural-application-v1\\frame420.avra",
    "snapshot_sha256": "74a8ae562de9676f0f6ee1986743abb9e4310c328fa0575428babb2ae5d7495f",
    "certificate_sha256": "c200b6322a324f84e4df2943f5cf1d5cdf98b84999f4d8567f105df2eb4c9637",
    "next_frame": 421,
    "capture_frame": 420,
    "months": 0,
    "qualification": "natural_application_tail"
  },
  "capture_frame": 1634,
  "capture_months": 1,
  "stop_at": 1654,
  "tail_frames": 20,
  "process_count": 3,
  "snapshot_bytes": 1401072,
  "snapshot_sha256": "64526264516fe16bc70b75ff88b0caecc4149739dbad8ba2a97992cd24c29ab7",
  "section_bytes": {
    "1": 70,
    "2": 383,
    "3": 635,
    "4": 1397792,
    "5": 1480
  },
  "trace_bytes": 4080,
  "trace_sha256": "26a048a1a80b234b4be330b6b5071f6d37e960cd509e02d1bdd0ba88666c7dcd",
  "terminal": {
    "capture_frame": 1634,
    "capture_months": 1,
    "completed_frame": 1654,
    "next_frame": 1655,
    "next_command": 5,
    "months": 1,
    "date": [
      0,
      4,
      0,
      540
    ],
    "digest": "3d806ec6fbba17840bb2ffaacf498d1e831034000cd75e48eb0b470f1bf5be7e",
    "resources": [
      3,
      8,
      1,
      4,
      6,
      0
    ],
    "peaks": [
      3,
      8,
      3,
      4,
      6,
      0
    ],
    "resource_names": [
      "humans",
      "facilities",
      "pages",
      "audit_history",
      "cash_entries",
      "retained_tasks"
    ],
    "sound_count": 4,
    "sound_hash": "a3543cc9766c6b958ddd25f8e9ef4b6d918bab43e14944c9771d4c2318f5094d",
    "random": 4312,
    "phase": 0,
    "trace_rows": 20,
    "capture_seconds": 0.0718237,
    "restore_seconds": 0.0173504
  },
  "process_wall_seconds": [
    19.036793100000004,
    0.5733329000000013,
    0.5706094999999987
  ],
  "certification_boundary": "已认证源恢复后继续；本轮仅认证新捕获尾段",
  "limitations": [
    "被动自然日期策略，不认证五星/全部任务/BOSS",
    "不认证原APK/Steam动态或自动绘制频率"
  ]
}
