application-natural-month months=2 frame=3236 history=8 random=8861
application-natural-month months=3 frame=4840 history=12 random=11648
application-natural-month months=4 frame=6488 history=16 random=20714
application-natural-month months=5 frame=8088 history=20 random=37779
application-natural-month months=6 frame=9691 history=24 random=54453
application-natural-month months=7 frame=11291 history=28 random=81016
application-natural-month months=8 frame=12891 history=32 random=89861
application-natural-month months=9 frame=14495 history=36 random=106650
application-natural-month months=10 frame=16095 history=40 random=127308
application-natural-month months=11 frame=17695 history=44 random=142778
application-natural-month months=12 frame=19295 history=48 random=156603
application-natural-capture frame=19295 next_frame=19296 months=12 bytes=19662928
application-natural-summary {"capture_frame":19295,"capture_months":12,"completed_frame":19315,"next_frame":19316,"next_command":22,"months":12,"date":[1,3,0,540],"digest":"6b20d15c7fc57fbba0d2f27dfad42ef0ad18847e0f04b661a53d362cb6d6015e","resources":[3,9,1,48,161,3],"peaks":[3,9,5,48,161,3],"resource_names":["humans","facilities","pages","audit_history","cash_entries","retained_tasks"],"sound_count":40,"sound_hash":"0299d8582de355cc98a899070f32fbaf7309bc458b46c9a9b696b4e9349bd582","random":156747,"phase":0,"trace_rows":20,"capture_seconds":0.915432,"restore_seconds":0.0343042}
application-natural-summary {"capture_frame":null,"capture_months":null,"completed_frame":19315,"next_frame":19316,"next_command":22,"months":12,"date":[1,3,0,540],"digest":"6b20d15c7fc57fbba0d2f27dfad42ef0ad18847e0f04b661a53d362cb6d6015e","resources":[3,9,1,48,161,3],"peaks":[3,9,5,48,161,3],"resource_names":["humans","facilities","pages","audit_history","cash_entries","retained_tasks"],"sound_count":40,"sound_hash":"0299d8582de355cc98a899070f32fbaf7309bc458b46c9a9b696b4e9349bd582","random":156747,"phase":0,"trace_rows":20,"capture_seconds":0,"restore_seconds":0.343018}
application-natural-summary {"capture_frame":null,"capture_months":null,"completed_frame":19315,"next_frame":19316,"next_command":22,"months":12,"date":[1,3,0,540],"digest":"6b20d15c7fc57fbba0d2f27dfad42ef0ad18847e0f04b661a53d362cb6d6015e","resources":[3,9,1,48,161,3],"peaks":[3,9,5,48,161,3],"resource_names":["humans","facilities","pages","audit_history","cash_entries","retained_tasks"],"sound_count":40,"sound_hash":"0299d8582de355cc98a899070f32fbaf7309bc458b46c9a9b696b4e9349bd582","random":156747,"phase":0,"trace_rows":20,"capture_seconds":0,"restore_seconds":0.341732}
{
  "controller": "application-natural-clear-v1",
  "qualification": "natural_application_tail",
  "producer_revision": "327fcc9-natural-app",
  "seed": 1,
  "speed": 0,
  "dataset": "c3f9419d56e2db0c4a4fcf582f3b34fe5100a12b6acaa2b3bbf3ca0273faa690",
  "world_schema": "a1ca189f3b9290b18390812af91f601eaac9f295154ab1de3601590d0fbda2d7",
  "application_schema": "6645b2f245a830466097cb21ea147f9d5bbdf71e0f4747a750ec8dd59b6421c3",
  "source_prefix": {
    "file": "D:\\code\\Ark-Village\\research\\dungeon_village_1\\work\\snapshots\\natural-application-v1\\month1.avra",
    "snapshot_sha256": "64526264516fe16bc70b75ff88b0caecc4149739dbad8ba2a97992cd24c29ab7",
    "certificate_sha256": "6d49e0dc21e9dd2d33faa9a4b212592b04e5337792b8eb4fdd2f89fc5537e5f3",
    "next_frame": 1635,
    "capture_frame": 1634,
    "months": 1,
    "qualification": "natural_application_tail"
  },
  "capture_frame": 19295,
  "capture_months": 12,
  "stop_at": 19315,
  "tail_frames": 20,
  "process_count": 3,
  "snapshot_bytes": 19662928,
  "snapshot_sha256": "9e38a8c51feca228bfd6e90031466a91c4f7236a4624d0f17775029d0eef3c5f",
  "section_bytes": {
    "1": 70,
    "2": 383,
    "3": 635,
    "4": 19659648,
    "5": 1480
  },
  "trace_bytes": 4120,
  "trace_sha256": "e0d2c3d78242bf1e1151f355c985600a09f9cb2aab083052b66934f9247c0fe6",
  "terminal": {
    "capture_frame": 19295,
    "capture_months": 12,
    "completed_frame": 19315,
    "next_frame": 19316,
    "next_command": 22,
    "months": 12,
    "date": [
      1,
      3,
      0,
      540
    ],
    "digest": "6b20d15c7fc57fbba0d2f27dfad42ef0ad18847e0f04b661a53d362cb6d6015e",
    "resources": [
      3,
      9,
      1,
      48,
      161,
      3
    ],
    "peaks": [
      3,
      9,
      5,
      48,
      161,
      3
    ],
    "resource_names": [
      "humans",
      "facilities",
      "pages",
      "audit_history",
      "cash_entries",
      "retained_tasks"
    ],
    "sound_count": 40,
    "sound_hash": "0299d8582de355cc98a899070f32fbaf7309bc458b46c9a9b696b4e9349bd582",
    "random": 156747,
    "phase": 0,
    "trace_rows": 20,
    "capture_seconds": 0.915432,
    "restore_seconds": 0.0343042
  },
  "process_wall_seconds": [
    461.3626266,
    1.2596072000000276,
    1.26727429999999
  ],
  "certification_boundary": "已认证源恢复后继续；本轮仅认证新捕获尾段",
  "limitations": [
    "被动自然日期策略，不认证五星/全部任务/BOSS",
    "不认证原APK/Steam动态或自动绘制频率"
  ]
}
