application-natural-month months=1 frame=1634 history=4 random=4250
application-natural-capture frame=1634 next_frame=1635 months=1 bytes=1401072
application-natural-summary {"capture_frame":1634,"capture_months":1,"completed_frame":1654,"next_frame":1655,"next_command":5,"months":1,"date":[0,4,0,540],"digest":"3b5c63807fee184f1087d5ae8ca8400fe564bfe17e7116e88deafcc96db2136b","resources":[3,8,1,4,6,0],"peaks":[3,8,3,4,6,0],"resource_names":["humans","facilities","pages","audit_history","cash_entries","retained_tasks"],"sound_count":11,"sound_hash":"ce3c978fbcd4e485b44fc7c97dd55e8b8bea70bd775f556e9e5ec171b7ecb281","random":4312,"phase":0,"trace_rows":20,"capture_seconds":0.0704317,"restore_seconds":0.0171966}
application-natural-summary {"capture_frame":null,"capture_months":null,"completed_frame":1654,"next_frame":1655,"next_command":5,"months":1,"date":[0,4,0,540],"digest":"3b5c63807fee184f1087d5ae8ca8400fe564bfe17e7116e88deafcc96db2136b","resources":[3,8,1,4,6,0],"peaks":[3,8,3,4,6,0],"resource_names":["humans","facilities","pages","audit_history","cash_entries","retained_tasks"],"sound_count":11,"sound_hash":"ce3c978fbcd4e485b44fc7c97dd55e8b8bea70bd775f556e9e5ec171b7ecb281","random":4312,"phase":0,"trace_rows":20,"capture_seconds":0,"restore_seconds":0.0335088}
application-natural-summary {"capture_frame":null,"capture_months":null,"completed_frame":1654,"next_frame":1655,"next_command":5,"months":1,"date":[0,4,0,540],"digest":"3b5c63807fee184f1087d5ae8ca8400fe564bfe17e7116e88deafcc96db2136b","resources":[3,8,1,4,6,0],"peaks":[3,8,3,4,6,0],"resource_names":["humans","facilities","pages","audit_history","cash_entries","retained_tasks"],"sound_count":11,"sound_hash":"ce3c978fbcd4e485b44fc7c97dd55e8b8bea70bd775f556e9e5ec171b7ecb281","random":4312,"phase":0,"trace_rows":20,"capture_seconds":0,"restore_seconds":0.0330085}
{
  "controller": "application-natural-clear-v1",
  "qualification": "natural_application_tail",
  "producer_revision": "ebe08fe-natural-app-sem3",
  "seed": 1,
  "speed": 0,
  "dataset": "c3f9419d56e2db0c4a4fcf582f3b34fe5100a12b6acaa2b3bbf3ca0273faa690",
  "world_schema": "a1ca189f3b9290b18390812af91f601eaac9f295154ab1de3601590d0fbda2d7",
  "application_schema": "40dd1a186e1b602a84f0bf6e3d8efcd261feedf6498392c1090add5d96583a47",
  "source_prefix": {
    "file": "D:\\code\\Ark-Village\\research\\dungeon_village_1\\work\\snapshots\\natural-application-v2\\frame420.avra",
    "certificate_file": "D:\\code\\Ark-Village\\research\\dungeon_village_1\\work\\snapshots\\natural-application-v2\\frame420.avra.json",
    "snapshot_sha256": "ea2333e3324bd1822d42c7e855bf6c4173b9b09c845d1eb48066e42fc33de9f0",
    "certificate_sha256": "92c38eac6d04fb2d390268904d8b1f1dd928546831999942808fd5a30060a529",
    "next_frame": 421,
    "capture_frame": 420,
    "months": 0,
    "qualification": "natural_application_tail"
  },
  "capture_frame": 1634,
  "capture_months": 1,
  "stop_at": 1654,
  "tail_frames": 20,
  "process_count": 3,
  "snapshot_bytes": 1401072,
  "snapshot_sha256": "068f9d1dcca6e7ac87f53c71946c9958145aa8426a92c2a61cae7b679d6839b4",
  "section_bytes": {
    "1": 70,
    "2": 383,
    "3": 635,
    "4": 1397792,
    "5": 1480
  },
  "trace_bytes": 4080,
  "trace_sha256": "b33d4f74335d02858997ce1e81099a8a716eecf91bc8f3492501174ee484f734",
  "terminal": {
    "capture_frame": 1634,
    "capture_months": 1,
    "completed_frame": 1654,
    "next_frame": 1655,
    "next_command": 5,
    "months": 1,
    "date": [
      0,
      4,
      0,
      540
    ],
    "digest": "3b5c63807fee184f1087d5ae8ca8400fe564bfe17e7116e88deafcc96db2136b",
    "resources": [
      3,
      8,
      1,
      4,
      6,
      0
    ],
    "peaks": [
      3,
      8,
      3,
      4,
      6,
      0
    ],
    "resource_names": [
      "humans",
      "facilities",
      "pages",
      "audit_history",
      "cash_entries",
      "retained_tasks"
    ],
    "sound_count": 11,
    "sound_hash": "ce3c978fbcd4e485b44fc7c97dd55e8b8bea70bd775f556e9e5ec171b7ecb281",
    "random": 4312,
    "phase": 0,
    "trace_rows": 20,
    "capture_seconds": 0.0704317,
    "restore_seconds": 0.0171966
  },
  "process_wall_seconds": [
    18.942835900000002,
    0.5691167999999998,
    0.5704876000000004
  ],
  "certification_boundary": "已认证源恢复后继续；本轮仅认证新捕获尾段",
  "limitations": [
    "被动自然日期策略，不认证五星/全部任务/BOSS",
    "不认证原APK/Steam动态或自动绘制频率"
  ]
}
