progression month popularity=50 peak_income=0 points=10 F=0 q=3 rank=0 frame=0 date=0/3/0/0 month_tick=0 cash=5000 scene=0 B=420 humans=0 tasks=0 random=0 report=0/0
progression bakery frame=0 date=0/3/0/0 month_tick=0 cash=4400 scene=0 B=420 humans=0 tasks=0 random=0 report=0/0
natural replay saved next_frame=421 frame=420 date=0/3/1/486 month_tick=418 cash=4400 scene=0 B=2 humans=0 tasks=0 random=0 report=0/0
natural replay bounded prefix next_frame=841 frame=840 date=0/3/2/729 month_tick=827 cash=5400 scene=0 B=70 humans=3 tasks=0 random=248 report=0/0 actor=3:def1:state0:action9:B31:cell11,5:op1 actor=4:def3:state0:action0:B72:cell11,14 actor=5:def2:state14:action0:B24:cell10,5:op1
3366 checks passed
natural replay bounded prefix next_frame=841 frame=840 date=0/3/2/729 month_tick=827 cash=5400 scene=0 B=70 humans=3 tasks=0 random=248 report=0/0 actor=3:def1:state0:action9:B31:cell11,5:op1 actor=4:def3:state0:action0:B72:cell11,14 actor=5:def2:state14:action0:B24:cell10,5:op1
3366 checks passed
natural replay bounded prefix next_frame=841 frame=840 date=0/3/2/729 month_tick=827 cash=5400 scene=0 B=70 humans=3 tasks=0 random=248 report=0/0 actor=3:def1:state0:action9:B31:cell11,5:op1 actor=4:def3:state0:action0:B72:cell11,14 actor=5:def2:state14:action0:B24:cell10,5:op1
3366 checks passed
presentation summary rounds=5 ordinal=5 random=8 requests=4 sounds=4 checks=37
presentation summary rounds=5 ordinal=5 random=8 requests=4 sounds=4 checks=37
presentation summary rounds=5 ordinal=5 random=8 requests=4 sounds=4 checks=37
application replay captured boundary=row2-44 next_frame=660
application replay captured boundary=row2-45 next_frame=661
application replay captured boundary=final64 next_frame=1421
application replay captured boundary=failed next_frame=1422
application replay summary frame=1422 score=7200 failures=1 sounds=1 checks=7110
application replay summary frame=1422 score=7200 failures=1 sounds=1 checks=7110
application replay summary frame=1422 score=7200 failures=1 sounds=1 checks=7110
application replay summary frame=1422 score=7200 failures=1 sounds=1 checks=7110
application replay summary frame=1422 score=7200 failures=1 sounds=1 checks=7110
application replay summary frame=1422 score=7200 failures=1 sounds=1 checks=7110
application replay summary frame=1422 score=7200 failures=1 sounds=1 checks=7110
application replay summary frame=1422 score=7200 failures=1 sounds=1 checks=7110
application replay summary frame=1422 score=7200 failures=1 sounds=1 checks=7110
title-background-replay next_frame=680 digest=dd0a929aa0d864897e5832eba5a3ea3cf974de5711c8e4265f785f8011e78d22 people=5 draws=56
title-background-replay next_frame=680 digest=dd0a929aa0d864897e5832eba5a3ea3cf974de5711c8e4265f785f8011e78d22 people=5 draws=56
title-background-replay next_frame=680 digest=dd0a929aa0d864897e5832eba5a3ea3cf974de5711c8e4265f785f8011e78d22 people=5 draws=56
application-natural-capture frame=420 next_frame=421 months=0 bytes=347714
application-natural-summary {"capture_frame":420,"capture_months":0,"completed_frame":440,"next_frame":441,"next_command":3,"months":0,"date":[0,3,1,729],"digest":"3431823264b151cf431744e36f8c9288c9548257d76922f4bb0c9d8e2263a688","resources":[1,8,1,1,0,0],"peaks":[1,8,2,1,0,0],"resource_names":["humans","facilities","pages","audit_history","cash_entries","retained_tasks"],"sound_count":0,"sound_hash":"dabeacc8cffcbac99f664b4d265fb6eeec4126442b4bca620b8c030a2641da66","random":5,"phase":0,"trace_rows":20,"capture_seconds":0.0232931,"restore_seconds":0}
application-natural-summary {"capture_frame":null,"capture_months":null,"completed_frame":440,"next_frame":441,"next_command":3,"months":0,"date":[0,3,1,729],"digest":"3431823264b151cf431744e36f8c9288c9548257d76922f4bb0c9d8e2263a688","resources":[1,8,1,1,0,0],"peaks":[1,8,2,1,0,0],"resource_names":["humans","facilities","pages","audit_history","cash_entries","retained_tasks"],"sound_count":0,"sound_hash":"dabeacc8cffcbac99f664b4d265fb6eeec4126442b4bca620b8c030a2641da66","random":5,"phase":0,"trace_rows":20,"capture_seconds":0,"restore_seconds":0.0176398}
application-natural-summary {"capture_frame":null,"capture_months":null,"completed_frame":440,"next_frame":441,"next_command":3,"months":0,"date":[0,3,1,729],"digest":"3431823264b151cf431744e36f8c9288c9548257d76922f4bb0c9d8e2263a688","resources":[1,8,1,1,0,0],"peaks":[1,8,2,1,0,0],"resource_names":["humans","facilities","pages","audit_history","cash_entries","retained_tasks"],"sound_count":0,"sound_hash":"dabeacc8cffcbac99f664b4d265fb6eeec4126442b4bca620b8c030a2641da66","random":5,"phase":0,"trace_rows":20,"capture_seconds":0,"restore_seconds":0.0172153}
{
  "controller": "application-natural-clear-v1",
  "qualification": "natural_application_tail",
  "producer_revision": "ebe08fe-natural-app-sem3",
  "seed": 1,
  "speed": 0,
  "dataset": "c3f9419d56e2db0c4a4fcf582f3b34fe5100a12b6acaa2b3bbf3ca0273faa690",
  "world_schema": "a1ca189f3b9290b18390812af91f601eaac9f295154ab1de3601590d0fbda2d7",
  "application_schema": "40dd1a186e1b602a84f0bf6e3d8efcd261feedf6498392c1090add5d96583a47",
  "source_prefix": null,
  "capture_frame": 420,
  "capture_months": 0,
  "stop_at": 440,
  "tail_frames": 20,
  "process_count": 3,
  "snapshot_bytes": 347714,
  "snapshot_sha256": "ea2333e3324bd1822d42c7e855bf6c4173b9b09c845d1eb48066e42fc33de9f0",
  "section_bytes": {
    "1": 70,
    "2": 380,
    "3": 635,
    "4": 344437,
    "5": 1480
  },
  "trace_bytes": 4040,
  "trace_sha256": "418b4744235638ca7c68fb254e9db48e745f8846a6c3a071191860933317550c",
  "terminal": {
    "capture_frame": 420,
    "capture_months": 0,
    "completed_frame": 440,
    "next_frame": 441,
    "next_command": 3,
    "months": 0,
    "date": [
      0,
      3,
      1,
      729
    ],
    "digest": "3431823264b151cf431744e36f8c9288c9548257d76922f4bb0c9d8e2263a688",
    "resources": [
      1,
      8,
      1,
      1,
      0,
      0
    ],
    "peaks": [
      1,
      8,
      2,
      1,
      0,
      0
    ],
    "resource_names": [
      "humans",
      "facilities",
      "pages",
      "audit_history",
      "cash_entries",
      "retained_tasks"
    ],
    "sound_count": 0,
    "sound_hash": "dabeacc8cffcbac99f664b4d265fb6eeec4126442b4bca620b8c030a2641da66",
    "random": 5,
    "phase": 0,
    "trace_rows": 20,
    "capture_seconds": 0.0232931,
    "restore_seconds": 0
  },
  "process_wall_seconds": [
    4.242734300000004,
    0.22646119999999792,
    0.2220243000000046
  ],
  "certification_boundary": "本轮真实新局reference及指定捕获尾段",
  "limitations": [
    "被动自然日期策略，不认证五星/全部任务/BOSS",
    "不认证原APK/Steam动态或自动绘制频率"
  ]
}
{
  "scenario": "natural_progression",
  "seed": 1,
  "speed": 0,
  "presentation_replay": {
    "controller": "presentation-request-v1",
    "qualification": "conditional_presentation_request_replay",
    "capture_next_round": 2,
    "tail_rounds": [
      2,
      3,
      4
    ],
    "request_counts": [
      0,
      1,
      2,
      1,
      0
    ],
    "process_count": 3,
    "snapshot_bytes": 173900,
    "snapshot_sha256": "ad76ce1e7301e9456cbcc90aebc132660aa158df952061d06cdf1a945329aad3",
    "trace_bytes": 1632,
    "trace_sha256": "c24c3f0204574c751da7cc0ede1f240e75616029c9db6427d9a4c60a2519bf37",
    "comparison": "完整Session、controller及全plan/request上下文/sound字节三路相同",
    "terminal_output": "presentation summary rounds=5 ordinal=5 random=8 requests=4 sounds=4 checks=37",
    "boundary": "人工合法任务进度及66等待页，不认证自然赠礼路线或原Android调度频率"
  },
  "application_replay": {
    "controller": "application-clear-conditions-v1",
    "qualification": "conditional_raw17_application_replay",
    "captures": [
      {
        "boundary": "row2-44",
        "next_frame": 660,
        "tail_frames": 763,
        "process_count": 3,
        "snapshot_bytes": 348003,
        "snapshot_sha256": "fd78977ca2bbe25d817daec4c9d2e78a2ca6079111cdb59adabd0bf4502470c0",
        "trace_bytes": 626115,
        "trace_sha256": "b8a666a4e9a43e01a6c718fc17ce3c81fa1107466dae14d825c1075fe2fa0365"
      },
      {
        "boundary": "row2-45",
        "next_frame": 661,
        "tail_frames": 762,
        "process_count": 3,
        "snapshot_bytes": 348003,
        "snapshot_sha256": "144e37b781db8dd5ddb724185b89e3de5b391351ebd619bead2737db22fcd18a",
        "trace_bytes": 625295,
        "trace_sha256": "8b13184c50c59cb5d2dcde8f2736e7c1dc924ebca6b139781c6f6e3034a80667"
      },
      {
        "boundary": "final64",
        "next_frame": 1421,
        "tail_frames": 2,
        "process_count": 3,
        "snapshot_bytes": 348003,
        "snapshot_sha256": "a3b5565f81658edabc556374c73663e226554d2827c0649b209d53a728dafd42",
        "trace_bytes": 1674,
        "trace_sha256": "17a3a4e6984224943a32fb38d69c0c3af0c062ed4176b839b350da2ab468c357"
      },
      {
        "boundary": "failed",
        "next_frame": 1422,
        "tail_frames": 1,
        "process_count": 3,
        "snapshot_bytes": 348003,
        "snapshot_sha256": "7976db084d083120d3080dcc245e1f8e35d8fa5ccdf34e4c604d5c48955495a1",
        "trace_bytes": 853,
        "trace_sha256": "d6d7ec50cfd26c55573c6fbb6d926379423f955e3a3b507b846a6df267060e4c"
      }
    ],
    "terminal_output": "application replay summary frame=1422 score=7200 failures=1 sounds=1 checks=7110",
    "process_timeout_seconds": 120,
    "comparison": "完整应用/Session历史/规范Driver/实际有序声音/事件4、5、6/隔离系统字节摘要三路相同",
    "boundary": "合法raw17条件入口；不认证自然十六年、原标题人物或原版存档兼容",
    "preserved_directory": "D:\\code\\Ark-Village\\research\\dungeon_village_1\\work\\snapshots\\application-clear-v3"
  },
  "title_presentation_replay": {
    "controller": "title-background-requests-v2",
    "cli": "title-background-replay-v2",
    "qualification": "title_presentation_replay",
    "seed": 17,
    "capture_request_count": 600,
    "capture_next_frame": 600,
    "stop_at": 680,
    "sequence_convention": "next_frame为从0起的下一请求序号，亦等于已完成请求数；尾段完成数601..680",
    "tail_frames": 80,
    "process_count": 3,
    "process_timeout_seconds": 60,
    "snapshot_bytes": 1730,
    "snapshot_sha256": "9651cae7ffbc34172420a79a1fab44c6d78ebfa25c65f4797cf5b29939a6ccd4",
    "trace_bytes": 50574,
    "trace_sha256": "f7895d26419e135ceee8322903ed6ba16256f09624051d76ef5ea6966e4dfbcc",
    "terminal_output": "title-background-replay next_frame=680 digest=dd0a929aa0d864897e5832eba5a3ea3cf974de5711c8e4265f785f8011e78d22 people=5 draws=56",
    "comparison": "完整应用及标题Driver逐请求尾段与最终摘要三路相同；源快照字节不变",
    "boundary": "首请求confirm、后续false的原标题表现策略；不认证自然世界通关或Steam输入/绘制频率"
  },
  "natural_application_replay": {
    "controller": "application-natural-clear-v1",
    "qualification": "natural_application_tail",
    "producer_revision": "ebe08fe-natural-app-sem3",
    "seed": 1,
    "speed": 0,
    "dataset": "c3f9419d56e2db0c4a4fcf582f3b34fe5100a12b6acaa2b3bbf3ca0273faa690",
    "world_schema": "a1ca189f3b9290b18390812af91f601eaac9f295154ab1de3601590d0fbda2d7",
    "application_schema": "40dd1a186e1b602a84f0bf6e3d8efcd261feedf6498392c1090add5d96583a47",
    "source_prefix": null,
    "capture_frame": 420,
    "capture_months": 0,
    "stop_at": 440,
    "tail_frames": 20,
    "process_count": 3,
    "snapshot_bytes": 347714,
    "snapshot_sha256": "ea2333e3324bd1822d42c7e855bf6c4173b9b09c845d1eb48066e42fc33de9f0",
    "section_bytes": {
      "1": 70,
      "2": 380,
      "3": 635,
      "4": 344437,
      "5": 1480
    },
    "trace_bytes": 4040,
    "trace_sha256": "418b4744235638ca7c68fb254e9db48e745f8846a6c3a071191860933317550c",
    "terminal": {
      "capture_frame": 420,
      "capture_months": 0,
      "completed_frame": 440,
      "next_frame": 441,
      "next_command": 3,
      "months": 0,
      "date": [
        0,
        3,
        1,
        729
      ],
      "digest": "3431823264b151cf431744e36f8c9288c9548257d76922f4bb0c9d8e2263a688",
      "resources": [
        1,
        8,
        1,
        1,
        0,
        0
      ],
      "peaks": [
        1,
        8,
        2,
        1,
        0,
        0
      ],
      "resource_names": [
        "humans",
        "facilities",
        "pages",
        "audit_history",
        "cash_entries",
        "retained_tasks"
      ],
      "sound_count": 0,
      "sound_hash": "dabeacc8cffcbac99f664b4d265fb6eeec4126442b4bca620b8c030a2641da66",
      "random": 5,
      "phase": 0,
      "trace_rows": 20,
      "capture_seconds": 0.0232931,
      "restore_seconds": 0
    },
    "process_wall_seconds": [
      4.242734300000004,
      0.22646119999999792,
      0.2220243000000046
    ],
    "certification_boundary": "本轮真实新局reference及指定捕获尾段",
    "limitations": [
      "被动自然日期策略，不认证五星/全部任务/BOSS",
      "不认证原APK/Steam动态或自动绘制频率"
    ]
  },
  "reference_origin": "真实新局不中断继续",
  "certification_level": "new_game_reference_tail",
  "source_prefix": null,
  "producer_revision": "ebe08fe-natural-app-sem3",
  "save_at": 420,
  "stop_at": 840,
  "periodic_interval": null,
  "periodic_directory": null,
  "periodic_status": null,
  "preserved_snapshot": null,
  "completion": "有界尾段",
  "certification": "本证书仅覆盖指定场景主快照与所列尾段",
  "tail_frames": 420,
  "process_count": 3,
  "snapshot_bytes": 346392,
  "snapshot_sha256": "4144c93ba36ea3682ea5718c26c235b1eccb67ee06267617b17e2af246778eff",
  "trace_bytes": 304920,
  "trace_sha256": "ddebdf802e54a6dbec103994b7be0e8e35ae0f90e996ba63e08c39e412905ff1",
  "tail_output": "natural replay bounded prefix next_frame=841 frame=840 date=0/3/2/729 month_tick=827 cash=5400 scene=0 B=70 humans=3 tasks=0 random=248 report=0/0 actor=3:def1:state0:action9:B31:cell11,5:op1 actor=4:def3:state0:action0:B72:cell11,14 actor=5:def2:state14:action0:B24:cell10,5:op1\n3366 checks passed",
  "process_wall_seconds": [
    10.5680457,
    6.425084300000001,
    6.280792399999998,
    0.07231260000000111,
    0.040920799999999875,
    0.058232199999998555,
    8.8047834,
    2.667868299999998,
    2.6390815999999977,
    2.6728631999999997,
    2.6448787999999985,
    0.06894809999999416,
    0.06681850000000122,
    0.060507799999999404,
    0.057645000000004075,
    0.10360099999999511,
    0.04979879999999685,
    0.050198599999996076
  ],
  "comparison": "逐帧全Session和Driver及尾段stdout三路相同",
  "certification_boundary": "本轮reference从真实新局不中断至终点，双恢复仅认证主快照之后尾段"
}
