[0/2] Re-checking globbed directories...
[1/2] Re-running CMake...
-- Configuring done (0.4s)
-- Generating done (0.1s)
-- Build files have been written to: D:/code/Ark-Village/research/dungeon_village_1/work/release
[0/4] Re-checking globbed directories...
[1/29] Building CXX object prototype/CMakeFiles/dungeon_village_startup_world.dir/src/startup_world_file_io.cpp.obj
[2/29] Linking CXX shared library bin\libdungeon_village_startup_world.dll
[3/29] Building CXX object prototype/CMakeFiles/dungeon_village_startup_application.dir/src/startup_application_replay.cpp.obj
[4/29] Building CXX object prototype/CMakeFiles/dungeon_village_startup_application_tests.dir/tests/startup_title_menu_replay_checks.cpp.obj
[5/29] Building CXX object prototype/CMakeFiles/dungeon_village_startup_application_tests.dir/tests/startup_application_replay_state_checks.cpp.obj
[6/29] Linking CXX executable bin\dungeon_village_startup_world_projection_tests.exe
[7/29] Linking CXX executable bin\dungeon_village_startup_world_routes_tests.exe
[8/29] Linking CXX executable bin\dungeon_village_startup_world_scene_tests.exe
[9/29] Linking CXX executable bin\dungeon_village_startup_world_arrival_tests.exe
[10/29] Linking CXX executable bin\dungeon_village_startup_world_runtime_tasks_tests.exe
[11/29] Linking CXX executable bin\dungeon_village_startup_world_runtime_tests.exe
[12/29] Linking CXX executable bin\dungeon_village_startup_world_continuous_tests.exe
[13/29] Linking CXX executable bin\dungeon_village_startup_world_pages_tests.exe
[14/29] Building CXX object prototype/CMakeFiles/dungeon_village_startup_world_visuals_tests.dir/tests/steam_startup_skin_checks.cpp.obj
[15/29] Linking CXX executable bin\dungeon_village_startup_world_runtime_nonactors_tests.exe
[16/29] Linking CXX executable bin\dungeon_village_startup_world_task_flow_tests.exe
[17/29] Linking CXX executable bin\dungeon_village_startup_world_deadline_tests.exe
[18/29] Linking CXX executable bin\dungeon_village_startup_world_building_tests.exe
[19/29] Linking CXX executable bin\dungeon_village_prototype.exe
[20/29] Building CXX object prototype/CMakeFiles/dungeon_village_startup_application.dir/src/startup_application.cpp.obj
[21/29] Linking CXX shared library bin\libdungeon_village_startup_application.dll
[22/28] Linking CXX executable bin\dungeon_village_startup_application_cli.exe
[23/28] Linking CXX executable bin\dungeon_village_startup_world_visuals_tests.exe
[24/28] Building CXX object prototype/CMakeFiles/dungeon_village_startup_application_tests.dir/tests/startup_application_test.cpp.obj
[25/28] Linking CXX executable bin\dungeon_village_startup_application_tests.exe
