命令：
  help / view                 帮助／只读当前状态
  title                       返回标题
  new 0|1                     选择新局栏位
  overwrite yes|no            回答覆盖询问
  village 后续全串 / name 后续全串  编辑村名／主角名
  sex 0|1 / cancel / start    性别／取消配置／开始
  records / next / previous   纪录入口／翻页
  left/right/up/down/activate/back  当前标题菜单的具名键请求
  consume / frame-menu       父页消费返回结果／一次显式菜单动画请求
  step [N]                    推进N次页面或世界更新，默认1，上限10000
  confirm                     确认栈顶页，计分页合并为一次更新脉冲
  save / load 0|1             显式保存当前世界／标题读入指定栏
  quit                        退出，不自动保存
声音请求在本CLI中领取一次并打印操作与编号，不播放音频。
页面：标题；栏位：0
配置：村名=口袋冒险村；定义0姓名=冒险太郎；性别=0；自定义姓名=否
标题控制器：栈顶=1；模式=0；菜单行=0；存档行=1；系统修订=0
目录 0/中断：日期=-1；资金=0；有文件引用=否
目录 0/手动：日期=-1；资金=0；有文件引用=否
目录 1/中断：日期=-1；资金=0；有文件引用=否
目录 1/手动：日期=-1；资金=0；有文件引用=否
系统纪录：最高通关=0 P（没有记录）；奖杯=0；最高资金=0 G（没有记录）
当前无世界。
声音请求（已领取，仅打印）： [1,0]
成功：new
页面：新局配置；栏位：0
配置：村名=口袋冒险村；定义0姓名=冒险太郎；性别=0；自定义姓名=否
标题控制器：栈顶=2；模式=1；菜单行=0；存档行=1；系统修订=0
目录 0/中断：日期=-1；资金=0；有文件引用=否
目录 0/手动：日期=-1；资金=0；有文件引用=否
目录 1/中断：日期=-1；资金=0；有文件引用=否
目录 1/手动：日期=-1；资金=0；有文件引用=否
系统纪录：最高通关=0 P（没有记录）；奖杯=0；最高资金=0 G（没有记录）
当前无世界。
声音请求（已领取，仅打印）： [1,1]
成功：start
页面：世界；栏位：0
配置：村名=口袋冒险村；定义0姓名=冒险太郎；性别=0；自定义姓名=否
标题控制器：栈顶=1；模式=1；菜单行=0；存档行=1；系统修订=1
目录 0/中断：日期=-1；资金=0；有文件引用=否
目录 0/手动：日期=-1；资金=0；有文件引用=否
目录 1/中断：日期=-1；资金=0；有文件引用=否
目录 1/手动：日期=-1；资金=0；有文件引用=否
系统纪录：最高通关=0 P（没有记录）；奖杯=0；最高资金=0 G（没有记录）
世界：口袋冒险村；日期=1年4月；原分段=0；单位=0；资金=5000 G；人气=50；随机抽数=0；设施=8；人物=0
栈顶：id=1；原页=0；生命周期=2
页面：世界；栏位：0
配置：村名=口袋冒险村；定义0姓名=冒险太郎；性别=0；自定义姓名=否
标题控制器：栈顶=1；模式=1；菜单行=0；存档行=1；系统修订=1
目录 0/中断：日期=-1；资金=0；有文件引用=否
目录 0/手动：日期=-1；资金=0；有文件引用=否
目录 1/中断：日期=-1；资金=0；有文件引用=否
目录 1/手动：日期=-1；资金=0；有文件引用=否
系统纪录：最高通关=0 P（没有记录）；奖杯=0；最高资金=0 G（没有记录）
世界：口袋冒险村；日期=1年4月；原分段=0；单位=0；资金=5000 G；人气=50；随机抽数=0；设施=8；人物=0
栈顶：id=1；原页=0；生命周期=2
已退出；未执行自动保存。
