命令：
  help / view                 帮助／只读当前状态
  title                       返回标题
  new 0|1                     选择新局栏位
  overwrite yes|no            回答覆盖询问
  village 后续全串 / name 后续全串  编辑村名／主角名
  sex 0|1 / cancel / start    性别／取消配置／开始
  records / next / previous   纪录入口／翻页
  step [N]                    推进N次页面或世界更新，默认1，上限10000
  confirm                     确认栈顶页，计分页合并为一次更新脉冲
  save / load 0|1             显式保存当前世界／标题读入指定栏
  quit                        退出，不自动保存
声音请求在本CLI中领取一次并打印编号，不播放音频。
页面：标题；栏位：0
配置：村名=口袋冒险村；定义0姓名=冒险太郎；性别=0；自定义姓名=否
系统纪录：最高通关=0 P（没有记录）；奖杯=0；最高资金=0 G（没有记录）
当前无世界。
拒绝：参数必须是0或1
拒绝：推进次数必须为1..10000
拒绝：参数必须是0或1
已退出；未执行自动保存。
