[0/2] Re-checking globbed directories...
[1/2] Re-running CMake...
-- Configuring done (0.5s)
-- Generating done (0.1s)
-- Build files have been written to: D:/code/Ark-Village/research/dungeon_village_1/work/release
[0/4] Re-checking globbed directories...
[1/11] Building CXX object prototype/CMakeFiles/dungeon_village_startup_application.dir/src/startup_skin.cpp.obj
[2/11] Linking CXX shared library bin\libdungeon_village_startup_application.dll
[3/11] Linking CXX executable bin\dungeon_village_startup_application_cli.exe
[4/11] Linking CXX executable bin\dungeon_village_startup_application_tests.exe
[5/11] Linking CXX executable bin\dungeon_village_startup_world_persistence_tests.exe
[6/11] Building CXX object prototype/CMakeFiles/dungeon_village_startup_world_visuals_tests.dir/tests/startup_skin_checks.cpp.obj
[7/11] Building CXX object prototype/CMakeFiles/dungeon_village_startup_world_visuals_tests.dir/tests/startup_world_visuals_test.cpp.obj
[8/11] Linking CXX executable bin\dungeon_village_startup_world_visuals_tests.exe
FAILED: [code=1] bin/dungeon_village_startup_world_visuals_tests.exe
C:\WINDOWS\system32\cmd.exe /C "cd . && D:\code\Ark-Village\build\local-tools\llvm-mingw-20250305-ucrt-x86_64\bin\i686-w64-mingw32-clang++.exe -O3 -DNDEBUG  prototype/CMakeFiles/dungeon_village_startup_world_visuals_tests.dir/tests/startup_world_visuals_test.cpp.obj prototype/CMakeFiles/dungeon_village_startup_world_visuals_tests.dir/tests/startup_skin_checks.cpp.obj prototype/CMakeFiles/dungeon_village_startup_world_visuals_tests.dir/__/tools/src/sprite.cpp.obj prototype/CMakeFiles/dungeon_village_startup_world_visuals_tests.dir/__/tools/src/table.cpp.obj prototype/CMakeFiles/dungeon_village_startup_world_visuals_tests.dir/research-windows.rc.res -o bin\dungeon_village_startup_world_visuals_tests.exe -Wl,--out-implib,lib\libdungeon_village_startup_world_visuals_tests.dll.a -Wl,--major-image-version,0,--minor-image-version,0  lib/libdungeon_village_startup_application.dll.a  lib/libdungeon_village_startup_world.dll.a  lib/libdungeon_village_startup_model.dll.a  lib/libdungeon_village_reference.dll.a  D:/code/Ark-Village/research/dungeon_village_1/work/local-tools/raylib-shared/lib/libraylib.dll.a  -lkernel32 -luser32 -lgdi32 -lwinspool -lshell32 -lole32 -loleaut32 -luuid -lcomdlg32 -ladvapi32 && cd ."
ld.lld: error: undefined symbol: dungeon_village_tools::read_binary_file(std::__1::__fs::filesystem::path const&)
>>> referenced by prototype/CMakeFiles/dungeon_village_startup_world_visuals_tests.dir/tests/startup_skin_checks.cpp.obj:(check_startup_skin(std::__1::__fs::filesystem::path const&, std::__1::__fs::filesystem::path const&))
>>> referenced by prototype/CMakeFiles/dungeon_village_startup_world_visuals_tests.dir/tests/startup_skin_checks.cpp.obj:((anonymous namespace)::static_images((anonymous namespace)::AssetTables const&, (anonymous namespace)::Checks&, Image*))
>>> referenced by prototype/CMakeFiles/dungeon_village_startup_world_visuals_tests.dir/tests/startup_skin_checks.cpp.obj:((anonymous namespace)::sprite_pixels((anonymous namespace)::AssetTables const&, (anonymous namespace)::Checks&, Image*))
>>> referenced 2 more times

ld.lld: error: undefined symbol: dungeon_village_tools::sha256_hex(std::__1::vector<unsigned char, std::__1::allocator<unsigned char>> const&)
>>> referenced by prototype/CMakeFiles/dungeon_village_startup_world_visuals_tests.dir/tests/startup_skin_checks.cpp.obj:((anonymous namespace)::static_images((anonymous namespace)::AssetTables const&, (anonymous namespace)::Checks&, Image*))
>>> referenced by prototype/CMakeFiles/dungeon_village_startup_world_visuals_tests.dir/tests/startup_skin_checks.cpp.obj:((anonymous namespace)::sprite_pixels((anonymous namespace)::AssetTables const&, (anonymous namespace)::Checks&, Image*))
>>> referenced by prototype/CMakeFiles/dungeon_village_startup_world_visuals_tests.dir/tests/startup_skin_checks.cpp.obj:((anonymous namespace)::part((anonymous namespace)::AssetTables const&, dungeon_village_prototype::StartupSkinDraw const&, (anonymous namespace)::Checks&))
clang-20: error: linker command failed with exit code 1 (use -v to see invocation)
ninja: build stopped: subcommand failed.
