[0/2] Re-checking globbed directories...
[1/2] Re-running CMake...
-- Configuring done (0.4s)
-- Generating done (0.1s)
-- Build files have been written to: D:/code/Ark-Village/research/dungeon_village_1/work/release
[0/4] Re-checking globbed directories...
[1/22] Building CXX object prototype/CMakeFiles/dungeon_village_startup_application.dir/src/startup_title_presentation.cpp.obj
[2/22] Building CXX object prototype/CMakeFiles/dungeon_village_startup_application.dir/src/startup_application_replay_paths.cpp.obj
[3/22] Building CXX object prototype/CMakeFiles/dungeon_village_startup_application.dir/src/startup_application_title.cpp.obj
[4/22] Building CXX object prototype/CMakeFiles/dungeon_village_startup_application.dir/src/startup_application_replay.cpp.obj
[5/22] Building CXX object prototype/CMakeFiles/dungeon_village_startup_application_cli.dir/src/startup_application_main.cpp.obj
[6/22] Building CXX object prototype/CMakeFiles/dungeon_village_startup_application.dir/src/startup_application.cpp.obj
[7/22] Building CXX object prototype/CMakeFiles/dungeon_village_startup_application_tests.dir/tests/startup_application_test.cpp.obj
[8/22] Building CXX object prototype/CMakeFiles/dungeon_village_startup_application_tests.dir/tests/startup_title_presentation_checks.cpp.obj
[9/22] Building CXX object prototype/CMakeFiles/dungeon_village_startup_application.dir/src/startup_application_actions.cpp.obj
[10/22] Linking CXX shared library bin\libdungeon_village_startup_application.dll
[11/22] Building CXX object prototype/CMakeFiles/dungeon_village_startup_application_tests.dir/tests/startup_application_replay_paths_checks.cpp.obj
[12/22] Building CXX object prototype/CMakeFiles/dungeon_village_startup_application_tests.dir/tests/startup_application_replay_state_checks.cpp.obj
FAILED: [code=1] prototype/CMakeFiles/dungeon_village_startup_application_tests.dir/tests/startup_application_replay_state_checks.cpp.obj
D:\code\Ark-Village\build\local-tools\llvm-mingw-20250305-ucrt-x86_64\bin\i686-w64-mingw32-clang++.exe  -ID:/code/Ark-Village/research/dungeon_village_1/prototype/include -ID:/code/Ark-Village/research/dungeon_village_1/example/include -ID:/code/Ark-Village/research/dungeon_village_1/cmake/../tools/include -O3 -DNDEBUG -Wall -Wextra -Wpedantic -Werror -MD -MT prototype/CMakeFiles/dungeon_village_startup_application_tests.dir/tests/startup_application_replay_state_checks.cpp.obj -MF prototype\CMakeFiles\dungeon_village_startup_application_tests.dir\tests\startup_application_replay_state_checks.cpp.obj.d -o prototype/CMakeFiles/dungeon_village_startup_application_tests.dir/tests/startup_application_replay_state_checks.cpp.obj -c D:/code/Ark-Village/research/dungeon_village_1/prototype/tests/startup_application_replay_state_checks.cpp
D:/code/Ark-Village/research/dungeon_village_1/prototype/tests/startup_application_replay_state_checks.cpp:3:10: fatal error: 'startup_application_replay_paths.hpp' file not found
    3 | #include "startup_application_replay_paths.hpp"
      |          ^~~~~~~~~~~~~~~~~~~~~~~~~~~~~~~~~~~~~~
1 error generated.
[13/22] Building CXX object prototype/CMakeFiles/dungeon_village_startup_world_persistence_tests.dir/tests/startup_application_replay_checks.cpp.obj
[14/22] Building CXX object prototype/CMakeFiles/dungeon_village_startup_world_persistence_tests.dir/tests/startup_application_actions_checks.cpp.obj
[15/22] Building CXX object prototype/CMakeFiles/dungeon_village_startup_world_persistence_tests.dir/tests/startup_world_persistence_test.cpp.obj
ninja: build stopped: subcommand failed.
