application-natural-month months=2 frame=3236 history=8 random=8861
application-natural-month months=3 frame=4840 history=12 random=11648
application-natural-month months=4 frame=6488 history=16 random=20714
application-natural-month months=5 frame=8088 history=20 random=37779
application-natural-month months=6 frame=9691 history=24 random=54453
application-natural-month months=7 frame=11291 history=28 random=81016
application-natural-month months=8 frame=12891 history=32 random=89861
application-natural-month months=9 frame=14495 history=36 random=106650
application-natural-month months=10 frame=16095 history=40 random=127308
application-natural-month months=11 frame=17695 history=44 random=142778
application-natural-month months=12 frame=19295 history=48 random=156603
application-natural-capture frame=19295 next_frame=19296 months=12 bytes=19662928
application-natural-summary {"capture_frame":19295,"capture_months":12,"completed_frame":19315,"next_frame":19316,"next_command":22,"months":12,"date":[1,3,0,540],"digest":"f203482b3ed55e18228e966d4dc087b580825f38cc8dc97ebcee9cf233af2f06","resources":[3,9,1,48,161,3],"peaks":[3,9,5,48,161,3],"resource_names":["humans","facilities","pages","audit_history","cash_entries","retained_tasks"],"sound_count":129,"sound_hash":"42a0ee8faefd6d057da1ca421c128a8906ea09f0f5ccaa25a58b6136ce6a871f","random":156747,"phase":0,"trace_rows":20,"capture_seconds":0.920774,"restore_seconds":0.0439383}
application-natural-summary {"capture_frame":null,"capture_months":null,"completed_frame":19315,"next_frame":19316,"next_command":22,"months":12,"date":[1,3,0,540],"digest":"f203482b3ed55e18228e966d4dc087b580825f38cc8dc97ebcee9cf233af2f06","resources":[3,9,1,48,161,3],"peaks":[3,9,5,48,161,3],"resource_names":["humans","facilities","pages","audit_history","cash_entries","retained_tasks"],"sound_count":129,"sound_hash":"42a0ee8faefd6d057da1ca421c128a8906ea09f0f5ccaa25a58b6136ce6a871f","random":156747,"phase":0,"trace_rows":20,"capture_seconds":0,"restore_seconds":0.350504}
application-natural-summary {"capture_frame":null,"capture_months":null,"completed_frame":19315,"next_frame":19316,"next_command":22,"months":12,"date":[1,3,0,540],"digest":"f203482b3ed55e18228e966d4dc087b580825f38cc8dc97ebcee9cf233af2f06","resources":[3,9,1,48,161,3],"peaks":[3,9,5,48,161,3],"resource_names":["humans","facilities","pages","audit_history","cash_entries","retained_tasks"],"sound_count":129,"sound_hash":"42a0ee8faefd6d057da1ca421c128a8906ea09f0f5ccaa25a58b6136ce6a871f","random":156747,"phase":0,"trace_rows":20,"capture_seconds":0,"restore_seconds":0.339246}
{
  "controller": "application-natural-clear-v1",
  "qualification": "natural_application_tail",
  "producer_revision": "464becc-narrow-shops",
  "seed": 1,
  "speed": 0,
  "dataset": "c3f9419d56e2db0c4a4fcf582f3b34fe5100a12b6acaa2b3bbf3ca0273faa690",
  "world_schema": "a1ca189f3b9290b18390812af91f601eaac9f295154ab1de3601590d0fbda2d7",
  "application_schema": "40dd1a186e1b602a84f0bf6e3d8efcd261feedf6498392c1090add5d96583a47",
  "source_prefix": {
    "file": "D:\\code\\Ark-Village\\research\\dungeon_village_1\\work\\snapshots\\natural-application-v2\\month1.avra",
    "certificate_file": "D:\\code\\Ark-Village\\research\\dungeon_village_1\\work\\snapshots\\natural-application-v2\\month1.avra.json",
    "snapshot_sha256": "068f9d1dcca6e7ac87f53c71946c9958145aa8426a92c2a61cae7b679d6839b4",
    "certificate_sha256": "4e0c568555acf245c97e1da269c439cf8d4424b7efe417c6add356f06425f695",
    "next_frame": 1635,
    "capture_frame": 1634,
    "months": 1,
    "qualification": "natural_application_tail"
  },
  "capture_frame": 19295,
  "capture_months": 12,
  "stop_at": 19315,
  "tail_frames": 20,
  "process_count": 3,
  "snapshot_bytes": 19662928,
  "snapshot_sha256": "ef73fa26cb61f932114143d8ec978532011ada219ba035969164725bbf06afd3",
  "section_bytes": {
    "1": 70,
    "2": 383,
    "3": 635,
    "4": 19659648,
    "5": 1480
  },
  "trace_bytes": 4120,
  "trace_sha256": "f5269fb7e5428fca363f929cf0dd7cbd3823c27aaae062ffcd4818332bd7aaa7",
  "terminal": {
    "capture_frame": 19295,
    "capture_months": 12,
    "completed_frame": 19315,
    "next_frame": 19316,
    "next_command": 22,
    "months": 12,
    "date": [
      1,
      3,
      0,
      540
    ],
    "digest": "f203482b3ed55e18228e966d4dc087b580825f38cc8dc97ebcee9cf233af2f06",
    "resources": [
      3,
      9,
      1,
      48,
      161,
      3
    ],
    "peaks": [
      3,
      9,
      5,
      48,
      161,
      3
    ],
    "resource_names": [
      "humans",
      "facilities",
      "pages",
      "audit_history",
      "cash_entries",
      "retained_tasks"
    ],
    "sound_count": 129,
    "sound_hash": "42a0ee8faefd6d057da1ca421c128a8906ea09f0f5ccaa25a58b6136ce6a871f",
    "random": 156747,
    "phase": 0,
    "trace_rows": 20,
    "capture_seconds": 0.920774,
    "restore_seconds": 0.0439383
  },
  "process_wall_seconds": [
    463.49772390000004,
    1.2620052000000141,
    1.278344999999972
  ],
  "certification_boundary": "已认证源恢复后继续；本轮仅认证新捕获尾段",
  "limitations": [
    "被动自然日期策略，不认证五星/全部任务/BOSS",
    "不认证原APK/Steam动态或自动绘制频率"
  ]
}
