progression month popularity=50 peak_income=0 points=10 F=0 q=3 rank=0 frame=0 date=0/3/0/0 month_tick=0 cash=5000 scene=0 B=420 humans=0 tasks=0 random=0 report=0/0
progression bakery frame=0 date=0/3/0/0 month_tick=0 cash=4400 scene=0 B=420 humans=0 tasks=0 random=0 report=0/0
natural replay saved next_frame=421 frame=420 date=0/3/1/486 month_tick=418 cash=4400 scene=0 B=2 humans=0 tasks=0 random=0 report=0/0
natural replay bounded prefix next_frame=841 frame=840 date=0/3/2/729 month_tick=827 cash=5400 scene=0 B=70 humans=3 tasks=0 random=248 report=0/0 actor=3:def1:state0:action9:B31:cell11,5:op1 actor=4:def3:state0:action0:B72:cell11,14 actor=5:def2:state14:action0:B24:cell10,5:op1
3366 checks passed
natural replay bounded prefix next_frame=841 frame=840 date=0/3/2/729 month_tick=827 cash=5400 scene=0 B=70 humans=3 tasks=0 random=248 report=0/0 actor=3:def1:state0:action9:B31:cell11,5:op1 actor=4:def3:state0:action0:B72:cell11,14 actor=5:def2:state14:action0:B24:cell10,5:op1
3366 checks passed
natural replay bounded prefix next_frame=841 frame=840 date=0/3/2/729 month_tick=827 cash=5400 scene=0 B=70 humans=3 tasks=0 random=248 report=0/0 actor=3:def1:state0:action9:B31:cell11,5:op1 actor=4:def3:state0:action0:B72:cell11,14 actor=5:def2:state14:action0:B24:cell10,5:op1
3366 checks passed
{
  "scenario": "natural_progression",
  "seed": 1,
  "speed": 0,
  "reference_origin": "真实新局不中断继续",
  "certification_level": "new_game_reference_tail",
  "source_prefix": null,
  "producer_revision": "464becc-narrow-shops",
  "save_at": 420,
  "stop_at": 840,
  "periodic_interval": null,
  "periodic_directory": null,
  "periodic_status": null,
  "preserved_snapshot": null,
  "completion": "有界尾段",
  "certification": "本证书仅覆盖指定场景主快照与所列尾段",
  "tail_frames": 420,
  "process_count": 3,
  "snapshot_bytes": 346388,
  "snapshot_sha256": "2bb0afecc6996c4e3967f7ed95dd642320f771652e8ae008ff3294c50d3eb5ba",
  "trace_bytes": 304920,
  "trace_sha256": "ddebdf802e54a6dbec103994b7be0e8e35ae0f90e996ba63e08c39e412905ff1",
  "tail_output": "natural replay bounded prefix next_frame=841 frame=840 date=0/3/2/729 month_tick=827 cash=5400 scene=0 B=70 humans=3 tasks=0 random=248 report=0/0 actor=3:def1:state0:action9:B31:cell11,5:op1 actor=4:def3:state0:action0:B72:cell11,14 actor=5:def2:state14:action0:B24:cell10,5:op1\n3366 checks passed",
  "process_wall_seconds": [
    10.5732204,
    6.183113700000002,
    6.2191757
  ],
  "comparison": "逐帧全Session和Driver及尾段stdout三路相同",
  "certification_boundary": "本轮reference从真实新局不中断至终点，双恢复仅认证主快照之后尾段"
}
