[0/2] Re-checking globbed directories...
[1/190] Building CXX object prototype/domain/CMakeFiles/dungeon_village_world_actor_routes_tests.dir/tests/world_actor_routes_test.cpp.obj
[2/190] Building CXX object prototype/domain/CMakeFiles/dungeon_village_reference.dir/src/world_actor_routes.cpp.obj
[3/190] Linking CXX shared library bin\libdungeon_village_reference.dll
[4/95] Building CXX object prototype/CMakeFiles/dungeon_village_startup_world.dir/src/startup_world_projection.cpp.obj
[5/95] Building CXX object prototype/domain/CMakeFiles/dungeon_village_world_actor_schedule_tests.dir/tests/world_actor_schedule_test.cpp.obj
[6/95] Building CXX object prototype/CMakeFiles/dungeon_village_startup_world.dir/src/startup_world_restore_validation.cpp.obj
[7/95] Building CXX object prototype/CMakeFiles/dungeon_village_startup_world.dir/src/startup_world_codec.cpp.obj
[8/95] Building CXX object prototype/CMakeFiles/dungeon_village_startup_world.dir/src/startup_world_routes.cpp.obj
[9/95] Building CXX object prototype/CMakeFiles/dungeon_village_startup_world.dir/src/startup_world_persistence.cpp.obj
[10/95] Building CXX object prototype/CMakeFiles/dungeon_village_startup_world.dir/src/startup_world_profile.cpp.obj
[11/95] Building CXX object prototype/CMakeFiles/dungeon_village_startup_world.dir/src/startup_world_inheritance.cpp.obj
[12/95] Building CXX object prototype/CMakeFiles/dungeon_village_startup_world.dir/src/startup_world_runtime.cpp.obj
[13/95] Building CXX object prototype/CMakeFiles/dungeon_village_startup_world.dir/src/startup_world_runtime_calendar.cpp.obj
[14/95] Building CXX object prototype/CMakeFiles/dungeon_village_startup_world.dir/src/startup_world_runtime_scene.cpp.obj
[15/95] Building CXX object prototype/CMakeFiles/dungeon_village_startup_world.dir/src/startup_world_runtime_focus.cpp.obj
[16/95] Building CXX object prototype/CMakeFiles/dungeon_village_startup_world.dir/src/startup_world_runtime_arrival.cpp.obj
[17/95] Building CXX object prototype/CMakeFiles/dungeon_village_startup_world.dir/src/startup_world_runtime_task_pages.cpp.obj
[18/95] Building CXX object prototype/CMakeFiles/dungeon_village_startup_world.dir/src/startup_world_runtime_tasks.cpp.obj
[19/95] Building CXX object prototype/CMakeFiles/dungeon_village_startup_world.dir/src/startup_world_runtime_deadline.cpp.obj
[20/95] Building CXX object prototype/CMakeFiles/dungeon_village_startup_world.dir/src/startup_world_runtime_pages.cpp.obj
[21/95] Building CXX object prototype/CMakeFiles/dungeon_village_startup_world.dir/src/startup_world_visuals.cpp.obj
[22/95] Building CXX object prototype/CMakeFiles/dungeon_village_startup_world.dir/src/startup_world_runtime_nonactors.cpp.obj
[23/95] Building CXX object prototype/CMakeFiles/dungeon_village_startup_world.dir/src/startup_world_presentation.cpp.obj
[24/95] Building CXX object prototype/CMakeFiles/dungeon_village_startup_world.dir/src/startup_world_building.cpp.obj
[25/95] Building CXX object prototype/CMakeFiles/dungeon_village_startup_world.dir/src/startup_world_expansion.cpp.obj
[26/95] Building CXX object prototype/CMakeFiles/dungeon_village_startup_world.dir/src/startup_world_human.cpp.obj
[27/95] Building CXX object prototype/CMakeFiles/dungeon_village_startup_world.dir/src/startup_world_tax.cpp.obj
[28/95] Building CXX object prototype/CMakeFiles/dungeon_village_startup_world.dir/src/startup_world_village_activity.cpp.obj
[29/95] Building CXX object prototype/CMakeFiles/dungeon_village_startup_world.dir/src/startup_world_facility_items.cpp.obj
[30/95] Building CXX object prototype/CMakeFiles/dungeon_village_startup_world.dir/src/startup_world_facility_catalog.cpp.obj
[31/95] Building CXX object prototype/CMakeFiles/dungeon_village_startup_world.dir/src/startup_world_magic_pot.cpp.obj
[32/95] Building CXX object prototype/CMakeFiles/dungeon_village_startup_world.dir/src/startup_world_commerce.cpp.obj
[33/95] Building CXX object prototype/CMakeFiles/dungeon_village_startup_world.dir/src/startup_world_editing.cpp.obj
[34/95] Building CXX object prototype/CMakeFiles/dungeon_village_startup_world.dir/startup_world_data.cpp.obj
[35/95] Linking CXX shared library bin\libdungeon_village_startup_world.dll
[36/95] Building CXX object prototype/CMakeFiles/dungeon_village_startup_application.dir/src/startup_system_records.cpp.obj
[37/95] Building CXX object prototype/CMakeFiles/dungeon_village_startup_application.dir/src/startup_world_clear_score.cpp.obj
[38/95] Building CXX object prototype/CMakeFiles/dungeon_village_startup_application.dir/src/startup_application.cpp.obj
[39/95] Building CXX object prototype/CMakeFiles/dungeon_village_startup_application.dir/src/startup_application_replay_paths.cpp.obj
[40/95] Building CXX object prototype/CMakeFiles/dungeon_village_startup_application.dir/src/startup_application_replay.cpp.obj
[41/95] Building CXX object prototype/CMakeFiles/dungeon_village_startup_application.dir/src/startup_application_title.cpp.obj
[42/95] Building CXX object prototype/CMakeFiles/dungeon_village_startup_application.dir/src/startup_title_actor_skin.cpp.obj
[43/95] Building CXX object prototype/CMakeFiles/dungeon_village_startup_application.dir/src/startup_application_actions.cpp.obj
[44/95] Linking CXX shared library bin\libdungeon_village_startup_application.dll
[45/95] Building CXX object prototype/CMakeFiles/dungeon_village_startup_application_cli.dir/src/startup_application_main.cpp.obj
[46/95] Building CXX object prototype/CMakeFiles/dungeon_village_startup_application_tests.dir/tests/startup_system_records_test.cpp.obj
[47/95] Building CXX object prototype/CMakeFiles/dungeon_village_startup_application_tests.dir/tests/startup_application_test.cpp.obj
[48/95] Building CXX object prototype/CMakeFiles/dungeon_village_startup_application_tests.dir/tests/startup_application_replay_paths_checks.cpp.obj
[49/95] Building CXX object prototype/CMakeFiles/dungeon_village_startup_application_tests.dir/tests/startup_world_clear_score_test.cpp.obj
[50/95] Building CXX object prototype/CMakeFiles/dungeon_village_startup_world_projection_tests.dir/tests/startup_world_projection_test.cpp.obj
[51/95] Building CXX object prototype/CMakeFiles/dungeon_village_startup_application_tests.dir/tests/startup_application_replay_state_checks.cpp.obj
[52/95] Building CXX object prototype/CMakeFiles/dungeon_village_startup_world_routes_tests.dir/tests/startup_world_routes_test.cpp.obj
[53/95] Building CXX object prototype/CMakeFiles/dungeon_village_startup_world_scene_tests.dir/tests/startup_world_scene_test.cpp.obj
[54/95] Building CXX object prototype/CMakeFiles/dungeon_village_startup_world_arrival_tests.dir/tests/startup_world_arrival_test.cpp.obj
[55/95] Building CXX object prototype/CMakeFiles/dungeon_village_startup_world_runtime_tests.dir/tests/startup_world_runtime_test.cpp.obj
[56/95] Building CXX object prototype/CMakeFiles/dungeon_village_startup_world_runtime_tasks_tests.dir/tests/startup_world_runtime_tasks_test.cpp.obj
[57/95] Building CXX object prototype/CMakeFiles/dungeon_village_startup_world_continuous_tests.dir/tests/startup_world_replay_driver.cpp.obj
[58/95] Building CXX object prototype/CMakeFiles/dungeon_village_startup_world_continuous_tests.dir/tests/startup_world_continuous_test.cpp.obj
[59/95] Building CXX object prototype/CMakeFiles/dungeon_village_startup_world_pages_tests.dir/tests/startup_world_pages_test.cpp.obj
[60/95] Building CXX object prototype/CMakeFiles/dungeon_village_startup_world_runtime_nonactors_tests.dir/tests/startup_world_runtime_nonactors_test.cpp.obj
[61/95] Building CXX object prototype/CMakeFiles/dungeon_village_startup_world_task_flow_tests.dir/tests/startup_world_task_flow_test.cpp.obj
[62/95] Building CXX object prototype/CMakeFiles/dungeon_village_startup_world_deadline_tests.dir/tests/startup_world_deadline_test.cpp.obj
[63/95] Building CXX object prototype/CMakeFiles/dungeon_village_startup_world_building_tests.dir/tests/startup_world_building_test.cpp.obj
[64/95] Building CXX object prototype/CMakeFiles/dungeon_village_startup_world_persistence_tests.dir/tests/startup_world_persistence_test.cpp.obj
[65/95] Building CXX object prototype/CMakeFiles/dungeon_village_startup_world_persistence_tests.dir/tests/startup_world_codec_checks.cpp.obj
[66/95] Building CXX object prototype/CMakeFiles/dungeon_village_startup_world_persistence_tests.dir/tests/startup_world_restore_checks.cpp.obj
[67/95] Building CXX object prototype/CMakeFiles/dungeon_village_startup_world_persistence_tests.dir/tests/startup_application_replay_checks.cpp.obj
[68/95] Building CXX object prototype/CMakeFiles/dungeon_village_startup_world_persistence_tests.dir/tests/startup_application_actions_checks.cpp.obj
[69/95] Building CXX object prototype/CMakeFiles/dungeon_village_startup_world_persistence_tests.dir/tests/startup_application_natural_replay.cpp.obj
[70/95] Building CXX object prototype/CMakeFiles/dungeon_village_startup_world_visuals_tests.dir/tests/startup_skin_checks.cpp.obj
[71/95] Building CXX object prototype/CMakeFiles/dungeon_village_prototype.dir/src/main.cpp.obj
[72/95] Building CXX object prototype/CMakeFiles/dungeon_village_startup_world_visuals_tests.dir/tests/startup_world_visuals_test.cpp.obj
[73/95] Building CXX object prototype/CMakeFiles/dungeon_village_prototype.dir/src/startup_view.cpp.obj
[74/95] Linking CXX executable bin\dungeon_village_startup_application_cli.exe
[75/95] Linking CXX executable bin\dungeon_village_startup_application_tests.exe
[76/95] Linking CXX executable bin\dungeon_village_startup_world_projection_tests.exe
[77/95] Linking CXX executable bin\dungeon_village_startup_world_routes_tests.exe
[78/95] Linking CXX executable bin\dungeon_village_startup_world_scene_tests.exe
[79/95] Linking CXX executable bin\dungeon_village_startup_world_arrival_tests.exe
[80/95] Linking CXX executable bin\dungeon_village_startup_world_runtime_tasks_tests.exe
[81/95] Linking CXX executable bin\dungeon_village_startup_world_runtime_tests.exe
[82/95] Linking CXX executable bin\dungeon_village_startup_world_continuous_tests.exe
[83/95] Linking CXX executable bin\dungeon_village_startup_world_pages_tests.exe
[84/95] Linking CXX executable bin\dungeon_village_startup_world_runtime_nonactors_tests.exe
[85/95] Linking CXX executable bin\dungeon_village_startup_world_task_flow_tests.exe
[86/95] Linking CXX executable bin\dungeon_village_startup_world_deadline_tests.exe
[87/95] Linking CXX executable bin\dungeon_village_startup_world_building_tests.exe
[88/95] Linking CXX executable bin\dungeon_village_startup_world_persistence_tests.exe
[89/95] Linking CXX executable bin\dungeon_village_startup_world_visuals_tests.exe
[90/95] Linking CXX executable bin\dungeon_village_prototype.exe
[91/95] Linking CXX executable bin\dungeon_village_world_actor_routes_tests.exe
[92/95] Linking CXX executable bin\dungeon_village_world_actor_schedule_tests.exe
[93/95] Building CXX object prototype/domain/CMakeFiles/dungeon_village_world_runtime_tests.dir/tests/world_runtime_test.cpp.obj
[94/95] Linking CXX executable bin\dungeon_village_world_runtime_tests.exe
