application-natural-month months=1 frame=1634 history=4 random=4250
application-natural-capture frame=1634 next_frame=1635 months=1 bytes=1402512
application-natural-summary {"capture_frame":1634,"capture_months":1,"completed_frame":1654,"next_frame":1655,"next_command":5,"months":1,"date":[0,4,0,540],"digest":"41aa088674757a06f0c299d3e15d8530b12093ce798abff35e28529ff377344b","resources":[3,8,1,4,6,0],"peaks":[3,8,3,4,6,0],"resource_names":["humans","facilities","pages","audit_history","cash_entries","retained_tasks"],"sound_count":11,"sound_hash":"3a5f1854083e63862ec420f901b60e06e9b5806ce9cfdacb3c9c226f786d971a","random":4312,"phase":0,"trace_rows":20,"capture_seconds":0.205613,"restore_seconds":0.0168654}
application-natural-summary {"capture_frame":null,"capture_months":null,"completed_frame":1654,"next_frame":1655,"next_command":5,"months":1,"date":[0,4,0,540],"digest":"41aa088674757a06f0c299d3e15d8530b12093ce798abff35e28529ff377344b","resources":[3,8,1,4,6,0],"peaks":[3,8,3,4,6,0],"resource_names":["humans","facilities","pages","audit_history","cash_entries","retained_tasks"],"sound_count":11,"sound_hash":"3a5f1854083e63862ec420f901b60e06e9b5806ce9cfdacb3c9c226f786d971a","random":4312,"phase":0,"trace_rows":20,"capture_seconds":0,"restore_seconds":0.0333769}
application-natural-summary {"capture_frame":null,"capture_months":null,"completed_frame":1654,"next_frame":1655,"next_command":5,"months":1,"date":[0,4,0,540],"digest":"41aa088674757a06f0c299d3e15d8530b12093ce798abff35e28529ff377344b","resources":[3,8,1,4,6,0],"peaks":[3,8,3,4,6,0],"resource_names":["humans","facilities","pages","audit_history","cash_entries","retained_tasks"],"sound_count":11,"sound_hash":"3a5f1854083e63862ec420f901b60e06e9b5806ce9cfdacb3c9c226f786d971a","random":4312,"phase":0,"trace_rows":20,"capture_seconds":0,"restore_seconds":0.0325806}
{
  "controller": "application-natural-clear-v2",
  "qualification": "natural_application_tail",
  "producer_revision": "e73bb31-audio-sem5",
  "seed": 1,
  "speed": 0,
  "dataset": "c3f9419d56e2db0c4a4fcf582f3b34fe5100a12b6acaa2b3bbf3ca0273faa690",
  "world_schema": "7f33851d8b0430afbb6234595ab01d2190f29959515d216e6da64b1919dbf440",
  "application_schema": "a1d7f1b59376e72f04e3cfa1df064e656bad3a91fd27fb1256c53c0b5e1463bf",
  "source_prefix": {
    "file": "D:\\code\\Ark-Village\\research\\dungeon_village_1\\work\\snapshots\\natural-application-audio-v1\\frame420.avra",
    "certificate_file": "D:\\code\\Ark-Village\\research\\dungeon_village_1\\work\\snapshots\\natural-application-audio-v1\\frame420.avra.json",
    "snapshot_sha256": "35a8a2d9893df3c0903a6cda51290cd1a7a1ea4651832a4199a7e6b3ecd23977",
    "certificate_sha256": "c794d3454e5b4a91b18cf073c60453d1deb0af3eb39f945394f6991a4f940aaa",
    "next_frame": 421,
    "capture_frame": 420,
    "months": 0,
    "qualification": "natural_application_tail"
  },
  "capture_frame": 1634,
  "capture_months": 1,
  "stop_at": 1654,
  "tail_frames": 20,
  "process_count": 3,
  "snapshot_bytes": 1402512,
  "snapshot_sha256": "7003a3543653c3921f942d5312f77b12505fe00942f9f9cc388997f67392b7f6",
  "section_bytes": {
    "1": 70,
    "2": 383,
    "3": 635,
    "4": 1399232,
    "5": 1480
  },
  "trace_bytes": 4080,
  "trace_sha256": "b6f959b373060207c6136dc543afffbde95ee08f8934e28bb4b127681a6a4451",
  "terminal": {
    "capture_frame": 1634,
    "capture_months": 1,
    "completed_frame": 1654,
    "next_frame": 1655,
    "next_command": 5,
    "months": 1,
    "date": [
      0,
      4,
      0,
      540
    ],
    "digest": "41aa088674757a06f0c299d3e15d8530b12093ce798abff35e28529ff377344b",
    "resources": [
      3,
      8,
      1,
      4,
      6,
      0
    ],
    "peaks": [
      3,
      8,
      3,
      4,
      6,
      0
    ],
    "resource_names": [
      "humans",
      "facilities",
      "pages",
      "audit_history",
      "cash_entries",
      "retained_tasks"
    ],
    "sound_count": 11,
    "sound_hash": "3a5f1854083e63862ec420f901b60e06e9b5806ce9cfdacb3c9c226f786d971a",
    "random": 4312,
    "phase": 0,
    "trace_rows": 20,
    "capture_seconds": 0.205613,
    "restore_seconds": 0.0168654
  },
  "process_wall_seconds": [
    42.33267729999999,
    0.5904406000000018,
    0.5657347000000009
  ],
  "certification_boundary": "已认证源恢复后继续；本轮仅认证新捕获尾段",
  "limitations": [
    "被动自然日期策略，不认证五星/全部任务/BOSS",
    "不认证原APK/Steam动态或自动绘制频率"
  ]
}
