application-natural-capture frame=420 next_frame=421 months=0 bytes=348290
application-natural-summary {"capture_frame":420,"capture_months":0,"completed_frame":440,"next_frame":441,"next_command":3,"months":0,"date":[0,3,1,729],"digest":"406f9cbaa850b70a170e0250815a43d2a2605b6facd1bea4770ad9d8877ad0cc","resources":[1,8,1,1,0,0],"peaks":[1,8,2,1,0,0],"resource_names":["humans","facilities","pages","audit_history","cash_entries","retained_tasks"],"sound_count":0,"sound_hash":"dabeacc8cffcbac99f664b4d265fb6eeec4126442b4bca620b8c030a2641da66","random":5,"phase":0,"trace_rows":20,"capture_seconds":0.0623048,"restore_seconds":0}
application-natural-summary {"capture_frame":null,"capture_months":null,"completed_frame":440,"next_frame":441,"next_command":3,"months":0,"date":[0,3,1,729],"digest":"406f9cbaa850b70a170e0250815a43d2a2605b6facd1bea4770ad9d8877ad0cc","resources":[1,8,1,1,0,0],"peaks":[1,8,2,1,0,0],"resource_names":["humans","facilities","pages","audit_history","cash_entries","retained_tasks"],"sound_count":0,"sound_hash":"dabeacc8cffcbac99f664b4d265fb6eeec4126442b4bca620b8c030a2641da66","random":5,"phase":0,"trace_rows":20,"capture_seconds":0,"restore_seconds":0.0156861}
application-natural-summary {"capture_frame":null,"capture_months":null,"completed_frame":440,"next_frame":441,"next_command":3,"months":0,"date":[0,3,1,729],"digest":"406f9cbaa850b70a170e0250815a43d2a2605b6facd1bea4770ad9d8877ad0cc","resources":[1,8,1,1,0,0],"peaks":[1,8,2,1,0,0],"resource_names":["humans","facilities","pages","audit_history","cash_entries","retained_tasks"],"sound_count":0,"sound_hash":"dabeacc8cffcbac99f664b4d265fb6eeec4126442b4bca620b8c030a2641da66","random":5,"phase":0,"trace_rows":20,"capture_seconds":0,"restore_seconds":0.0151954}
{
  "controller": "application-natural-clear-v2",
  "qualification": "natural_application_tail",
  "producer_revision": "e73bb31-audio-sem5",
  "seed": 1,
  "speed": 0,
  "dataset": "c3f9419d56e2db0c4a4fcf582f3b34fe5100a12b6acaa2b3bbf3ca0273faa690",
  "world_schema": "7f33851d8b0430afbb6234595ab01d2190f29959515d216e6da64b1919dbf440",
  "application_schema": "a1d7f1b59376e72f04e3cfa1df064e656bad3a91fd27fb1256c53c0b5e1463bf",
  "source_prefix": null,
  "capture_frame": 420,
  "capture_months": 0,
  "stop_at": 440,
  "tail_frames": 20,
  "process_count": 3,
  "snapshot_bytes": 348290,
  "snapshot_sha256": "35a8a2d9893df3c0903a6cda51290cd1a7a1ea4651832a4199a7e6b3ecd23977",
  "section_bytes": {
    "1": 70,
    "2": 380,
    "3": 635,
    "4": 345013,
    "5": 1480
  },
  "trace_bytes": 4040,
  "trace_sha256": "d34afea059ff05820c280284e4e0e899d53f059e953532cc761ba81ce02784cd",
  "terminal": {
    "capture_frame": 420,
    "capture_months": 0,
    "completed_frame": 440,
    "next_frame": 441,
    "next_command": 3,
    "months": 0,
    "date": [
      0,
      3,
      1,
      729
    ],
    "digest": "406f9cbaa850b70a170e0250815a43d2a2605b6facd1bea4770ad9d8877ad0cc",
    "resources": [
      1,
      8,
      1,
      1,
      0,
      0
    ],
    "peaks": [
      1,
      8,
      2,
      1,
      0,
      0
    ],
    "resource_names": [
      "humans",
      "facilities",
      "pages",
      "audit_history",
      "cash_entries",
      "retained_tasks"
    ],
    "sound_count": 0,
    "sound_hash": "dabeacc8cffcbac99f664b4d265fb6eeec4126442b4bca620b8c030a2641da66",
    "random": 5,
    "phase": 0,
    "trace_rows": 20,
    "capture_seconds": 0.0623048,
    "restore_seconds": 0
  },
  "process_wall_seconds": [
    5.9790688,
    0.23058060000000022,
    0.21634259999999994
  ],
  "certification_boundary": "本轮真实新局reference及指定捕获尾段",
  "limitations": [
    "被动自然日期策略，不认证五星/全部任务/BOSS",
    "不认证原APK/Steam动态或自动绘制频率"
  ]
}
