Start testing: Oct 09 21:59 \xd6й\xfa\xb1\xea׼ʱ\xbc\xe4
----------------------------------------------------------
11/134 Testing: dungeon_village_prototype.startup_world_task_flow
11/134 Test: dungeon_village_prototype.startup_world_task_flow
Command: "D:/code/Ark-Village/research/dungeon_village_1/work/release/bin/dungeon_village_startup_world_task_flow_tests.exe"
Directory: D:/code/Ark-Village/research/dungeon_village_1/work/release/prototype
"dungeon_village_prototype.startup_world_task_flow" start time: Oct 09 21:59 \xd6й\xfa\xb1\xea׼ʱ\xbc\xe4
Output:
----------------------------------------------------------
progress frame=0 date=0/3 raw=0 cash=5000 successes=0 active=0 draws=0 monsters=0
generated task=1 definition=2 frame=2636 date=0/6 raw=0 cash=12560 successes=0 active=0 draws=13625 dungeon=9:0/0:state1 human=1:state18:action0:op0 human=3:state5:action0:op1 human=2:state0:action0 monsters=2
natural success frame=4062 date=0/7 raw=30 cash=10260 successes=1 active=0 draws=32548 human=1:state2:action7 human=3:state0:action0 human=2:state0:action0 monsters=3
generated task=2 definition=1 frame=4236 date=0/7 raw=0 cash=11460 successes=1 active=0 draws=35907 dungeon=10:0/0:state1 human=1:state14:action0:op1 human=3:state14:action0:op1 human=2:state14:action0:op1 monsters=3
progress frame=5000 date=0/8 raw=0 cash=8960 successes=1 active=2 draws=40099 dungeon=10:3233/9600:state1 human=1:state14:action0 human=3:state14:action0 human=2:state2:action7 monsters=4
natural success frame=5309 date=0/8 raw=30 cash=8960 successes=2 active=0 draws=45588 human=1:state13:action0 human=3:state13:action0 human=2:state2:action7 monsters=1
generated task=3 definition=34 frame=5385 date=0/8 raw=0 cash=8960 successes=2 active=0 draws=46163 human=1:state0:action0 human=3:state0:action0 human=2:state16:action7 monsters=1
generated task=4 definition=2 frame=6931 date=0/10 raw=0 cash=5895 successes=2 active=3 draws=86178 dungeon=11:0/0:state1 human=1:state2:action7 human=3:state2:action7 human=2:state1:action0 battle=24:spawned6:linked3:quota7 monsters=4
generated task=5 definition=35 frame=7331 date=0/10 raw=0 cash=6270 successes=2 active=3 draws=103980 dungeon=11:0/0:state1 human=1:state1:action0 human=3:state1:action0 human=2:state2:action7 battle=24:spawned7:linked1:quota7 monsters=4
natural success frame=8512 date=1/0 raw=30 cash=3480 successes=3 active=0 draws=126387 dungeon=11:0/0:state1 human=1:state2:action7 human=3:state10:action0:op1 human=2:state10:action0:op1 monsters=1
generated task=6 definition=37 frame=8657 date=1/0 raw=0 cash=3480 successes=3 active=0 draws=126883 dungeon=11:0/0:state1 human=1:state16:action7 human=3:state0:action0 human=2:state0:action0 monsters=1
task flow summary seed=1 speed=1 accepted=3 departed=3 generated=6 audio_count=182 audio_peak=2 frame=8886 date=1/0 raw=0 cash=3780 successes=3 active=0 draws=128537 dungeon=11:0/0:state1 human=1:state14:action0:op1 human=0:state0:action0 human=3:state0:action0 monsters=4
startup world task flow checks: 9325
<end of output>
Test time = 582.09 sec
----------------------------------------------------------
Test Passed.
"dungeon_village_prototype.startup_world_task_flow" end time: Oct 09 22:09 \xd6й\xfa\xb1\xea׼ʱ\xbc\xe4
"dungeon_village_prototype.startup_world_task_flow" time elapsed: 00:09:42
----------------------------------------------------------

End testing: Oct 09 22:09 \xd6й\xfa\xb1\xea׼ʱ\xbc\xe4
